Archive member included to satisfy reference by file (symbol)

C:/ST/STM32CubeIDE_1.17.0/STM32CubeIDE/plugins/com.st.stm32cube.ide.mcu.externaltools.gnu-tools-for-stm32.12.3.rel1.win32_1.1.0.202410251130/tools/bin/../lib/gcc/arm-none-eabi/12.3.1/../../../../arm-none-eabi/lib/thumb/v7e-m+fp/hard\libc_nano.a(libc_a-exit.o)
                              C:/ST/STM32CubeIDE_1.17.0/STM32CubeIDE/plugins/com.st.stm32cube.ide.mcu.externaltools.gnu-tools-for-stm32.12.3.rel1.win32_1.1.0.202410251130/tools/bin/../lib/gcc/arm-none-eabi/12.3.1/../../../../arm-none-eabi/lib/thumb/v7e-m+fp/hard/crt0.o (exit)
C:/ST/STM32CubeIDE_1.17.0/STM32CubeIDE/plugins/com.st.stm32cube.ide.mcu.externaltools.gnu-tools-for-stm32.12.3.rel1.win32_1.1.0.202410251130/tools/bin/../lib/gcc/arm-none-eabi/12.3.1/../../../../arm-none-eabi/lib/thumb/v7e-m+fp/hard\libc_nano.a(libc_a-findfp.o)
                              C:/ST/STM32CubeIDE_1.17.0/STM32CubeIDE/plugins/com.st.stm32cube.ide.mcu.externaltools.gnu-tools-for-stm32.12.3.rel1.win32_1.1.0.202410251130/tools/bin/../lib/gcc/arm-none-eabi/12.3.1/../../../../arm-none-eabi/lib/thumb/v7e-m+fp/hard\libc_nano.a(libc_a-exit.o) (__stdio_exit_handler)
C:/ST/STM32CubeIDE_1.17.0/STM32CubeIDE/plugins/com.st.stm32cube.ide.mcu.externaltools.gnu-tools-for-stm32.12.3.rel1.win32_1.1.0.202410251130/tools/bin/../lib/gcc/arm-none-eabi/12.3.1/../../../../arm-none-eabi/lib/thumb/v7e-m+fp/hard\libc_nano.a(libc_a-fwalk.o)
                              C:/ST/STM32CubeIDE_1.17.0/STM32CubeIDE/plugins/com.st.stm32cube.ide.mcu.externaltools.gnu-tools-for-stm32.12.3.rel1.win32_1.1.0.202410251130/tools/bin/../lib/gcc/arm-none-eabi/12.3.1/../../../../arm-none-eabi/lib/thumb/v7e-m+fp/hard\libc_nano.a(libc_a-findfp.o) (_fwalk_sglue)
C:/ST/STM32CubeIDE_1.17.0/STM32CubeIDE/plugins/com.st.stm32cube.ide.mcu.externaltools.gnu-tools-for-stm32.12.3.rel1.win32_1.1.0.202410251130/tools/bin/../lib/gcc/arm-none-eabi/12.3.1/../../../../arm-none-eabi/lib/thumb/v7e-m+fp/hard\libc_nano.a(libc_a-stdio.o)
                              C:/ST/STM32CubeIDE_1.17.0/STM32CubeIDE/plugins/com.st.stm32cube.ide.mcu.externaltools.gnu-tools-for-stm32.12.3.rel1.win32_1.1.0.202410251130/tools/bin/../lib/gcc/arm-none-eabi/12.3.1/../../../../arm-none-eabi/lib/thumb/v7e-m+fp/hard\libc_nano.a(libc_a-findfp.o) (__sread)
C:/ST/STM32CubeIDE_1.17.0/STM32CubeIDE/plugins/com.st.stm32cube.ide.mcu.externaltools.gnu-tools-for-stm32.12.3.rel1.win32_1.1.0.202410251130/tools/bin/../lib/gcc/arm-none-eabi/12.3.1/../../../../arm-none-eabi/lib/thumb/v7e-m+fp/hard\libc_nano.a(libc_a-memset.o)
                              C:/ST/STM32CubeIDE_1.17.0/STM32CubeIDE/plugins/com.st.stm32cube.ide.mcu.externaltools.gnu-tools-for-stm32.12.3.rel1.win32_1.1.0.202410251130/tools/bin/../lib/gcc/arm-none-eabi/12.3.1/../../../../arm-none-eabi/lib/thumb/v7e-m+fp/hard/crt0.o (memset)
C:/ST/STM32CubeIDE_1.17.0/STM32CubeIDE/plugins/com.st.stm32cube.ide.mcu.externaltools.gnu-tools-for-stm32.12.3.rel1.win32_1.1.0.202410251130/tools/bin/../lib/gcc/arm-none-eabi/12.3.1/../../../../arm-none-eabi/lib/thumb/v7e-m+fp/hard\libc_nano.a(libc_a-closer.o)
                              C:/ST/STM32CubeIDE_1.17.0/STM32CubeIDE/plugins/com.st.stm32cube.ide.mcu.externaltools.gnu-tools-for-stm32.12.3.rel1.win32_1.1.0.202410251130/tools/bin/../lib/gcc/arm-none-eabi/12.3.1/../../../../arm-none-eabi/lib/thumb/v7e-m+fp/hard\libc_nano.a(libc_a-stdio.o) (_close_r)
C:/ST/STM32CubeIDE_1.17.0/STM32CubeIDE/plugins/com.st.stm32cube.ide.mcu.externaltools.gnu-tools-for-stm32.12.3.rel1.win32_1.1.0.202410251130/tools/bin/../lib/gcc/arm-none-eabi/12.3.1/../../../../arm-none-eabi/lib/thumb/v7e-m+fp/hard\libc_nano.a(libc_a-reent.o)
                              C:/ST/STM32CubeIDE_1.17.0/STM32CubeIDE/plugins/com.st.stm32cube.ide.mcu.externaltools.gnu-tools-for-stm32.12.3.rel1.win32_1.1.0.202410251130/tools/bin/../lib/gcc/arm-none-eabi/12.3.1/../../../../arm-none-eabi/lib/thumb/v7e-m+fp/hard\libc_nano.a(libc_a-closer.o) (errno)
C:/ST/STM32CubeIDE_1.17.0/STM32CubeIDE/plugins/com.st.stm32cube.ide.mcu.externaltools.gnu-tools-for-stm32.12.3.rel1.win32_1.1.0.202410251130/tools/bin/../lib/gcc/arm-none-eabi/12.3.1/../../../../arm-none-eabi/lib/thumb/v7e-m+fp/hard\libc_nano.a(libc_a-impure.o)
                              C:/ST/STM32CubeIDE_1.17.0/STM32CubeIDE/plugins/com.st.stm32cube.ide.mcu.externaltools.gnu-tools-for-stm32.12.3.rel1.win32_1.1.0.202410251130/tools/bin/../lib/gcc/arm-none-eabi/12.3.1/../../../../arm-none-eabi/lib/thumb/v7e-m+fp/hard\libc_nano.a(libc_a-reent.o) (_impure_ptr)
C:/ST/STM32CubeIDE_1.17.0/STM32CubeIDE/plugins/com.st.stm32cube.ide.mcu.externaltools.gnu-tools-for-stm32.12.3.rel1.win32_1.1.0.202410251130/tools/bin/../lib/gcc/arm-none-eabi/12.3.1/../../../../arm-none-eabi/lib/thumb/v7e-m+fp/hard\libc_nano.a(libc_a-lseekr.o)
[...]
Memory Configuration

Name             Origin             Length             Attributes
RAM              0x20000000         0x00008000         xrw
FLASH            0x08000000         0x00020000         xr
*default*        0x00000000         0xffffffff

Linker script and memory map

LOAD C:/ST/STM32CubeIDE_1.17.0/STM32CubeIDE/plugins/com.st.stm32cube.ide.mcu.externaltools.gnu-tools-for-stm32.12.3.rel1.win32_1.1.0.202410251130/tools/bin/../lib/gcc/arm-none-eabi/12.3.1/thumb/v7e-m+fp/hard/crti.o
LOAD C:/ST/STM32CubeIDE_1.17.0/STM32CubeIDE/plugins/com.st.stm32cube.ide.mcu.externaltools.gnu-tools-for-stm32.12.3.rel1.win32_1.1.0.202410251130/tools/bin/../lib/gcc/arm-none-eabi/12.3.1/thumb/v7e-m+fp/hard/crtbegin.o
LOAD C:/ST/STM32CubeIDE_1.17.0/STM32CubeIDE/plugins/com.st.stm32cube.ide.mcu.externaltools.gnu-tools-for-stm32.12.3.rel1.win32_1.1.0.202410251130/tools/bin/../lib/gcc/arm-none-eabi/12.3.1/../../../../arm-none-eabi/lib/thumb/v7e-m+fp/hard/crt0.o
LOAD ./Core/Src/fir.o
LOAD ./Core/Src/main.o
LOAD ./Core/Src/stm32g4xx_hal_msp.o
LOAD ./Core/Src/stm32g4xx_it.o
LOAD ./Core/Src/syscalls.o
LOAD ./Core/Src/sysmem.o
LOAD ./Core/Src/system_stm32g4xx.o
LOAD ./Core/Startup/startup_stm32g441kbtx.o
LOAD ./Drivers/STM32G4xx_HAL_Driver/Src/stm32g4xx_hal.o
LOAD ./Drivers/STM32G4xx_HAL_Driver/Src/stm32g4xx_hal_adc.o
LOAD ./Drivers/STM32G4xx_HAL_Driver/Src/stm32g4xx_hal_adc_ex.o
LOAD ./Drivers/STM32G4xx_HAL_Driver/Src/stm32g4xx_hal_cortex.o
LOAD ./Drivers/STM32G4xx_HAL_Driver/Src/stm32g4xx_hal_dac.o
LOAD ./Drivers/STM32G4xx_HAL_Driver/Src/stm32g4xx_hal_dac_ex.o
LOAD ./Drivers/STM32G4xx_HAL_Driver/Src/stm32g4xx_hal_dma.o
LOAD ./Drivers/STM32G4xx_HAL_Driver/Src/stm32g4xx_hal_dma_ex.o
LOAD ./Drivers/STM32G4xx_HAL_Driver/Src/stm32g4xx_hal_exti.o
LOAD ./Drivers/STM32G4xx_HAL_Driver/Src/stm32g4xx_hal_flash.o
LOAD ./Drivers/STM32G4xx_HAL_Driver/Src/stm32g4xx_hal_flash_ex.o
LOAD ./Drivers/STM32G4xx_HAL_Driver/Src/stm32g4xx_hal_flash_ramfunc.o
LOAD ./Drivers/STM32G4xx_HAL_Driver/Src/stm32g4xx_hal_gpio.o
LOAD ./Drivers/STM32G4xx_HAL_Driver/Src/stm32g4xx_hal_pwr.o
LOAD ./Drivers/STM32G4xx_HAL_Driver/Src/stm32g4xx_hal_pwr_ex.o
LOAD ./Drivers/STM32G4xx_HAL_Driver/Src/stm32g4xx_hal_rcc.o
LOAD ./Drivers/STM32G4xx_HAL_Driver/Src/stm32g4xx_hal_rcc_ex.o
LOAD ./Drivers/STM32G4xx_HAL_Driver/Src/stm32g4xx_hal_tim.o
LOAD ./Drivers/STM32G4xx_HAL_Driver/Src/stm32g4xx_hal_tim_ex.o
LOAD ./Drivers/STM32G4xx_HAL_Driver/Src/stm32g4xx_hal_uart.o
LOAD ./Drivers/STM32G4xx_HAL_Driver/Src/stm32g4xx_hal_uart_ex.o
LOAD ./Drivers/STM32G4xx_HAL_Driver/Src/stm32g4xx_ll_adc.o
START GROUP
LOAD C:/ST/STM32CubeIDE_1.17.0/STM32CubeIDE/plugins/com.st.stm32cube.ide.mcu.externaltools.gnu-tools-for-stm32.12.3.rel1.win32_1.1.0.202410251130/tools/bin/../lib/gcc/arm-none-eabi/12.3.1/../../../../arm-none-eabi/lib/thumb/v7e-m+fp/hard\libc_nano.a
LOAD C:/ST/STM32CubeIDE_1.17.0/STM32CubeIDE/plugins/com.st.stm32cube.ide.mcu.externaltools.gnu-tools-for-stm32.12.3.rel1.win32_1.1.0.202410251130/tools/bin/../lib/gcc/arm-none-eabi/12.3.1/../../../../arm-none-eabi/lib/thumb/v7e-m+fp/hard\libm.a
END GROUP
START GROUP
LOAD C:/ST/STM32CubeIDE_1.17.0/STM32CubeIDE/plugins/com.st.stm32cube.ide.mcu.externaltools.gnu-tools-for-stm32.12.3.rel1.win32_1.1.0.202410251130/tools/bin/../lib/gcc/arm-none-eabi/12.3.1/thumb/v7e-m+fp/hard\libgcc.a
LOAD C:/ST/STM32CubeIDE_1.17.0/STM32CubeIDE/plugins/com.st.stm32cube.ide.mcu.externaltools.gnu-tools-for-stm32.12.3.rel1.win32_1.1.0.202410251130/tools/bin/../lib/gcc/arm-none-eabi/12.3.1/../../../../arm-none-eabi/lib/thumb/v7e-m+fp/hard\libc_nano.a
END GROUP
START GROUP
LOAD C:/ST/STM32CubeIDE_1.17.0/STM32CubeIDE/plugins/com.st.stm32cube.ide.mcu.externaltools.gnu-tools-for-stm32.12.3.rel1.win32_1.1.0.202410251130/tools/bin/../lib/gcc/arm-none-eabi/12.3.1/thumb/v7e-m+fp/hard\libgcc.a
LOAD C:/ST/STM32CubeIDE_1.17.0/STM32CubeIDE/plugins/com.st.stm32cube.ide.mcu.externaltools.gnu-tools-for-stm32.12.3.rel1.win32_1.1.0.202410251130/tools/bin/../lib/gcc/arm-none-eabi/12.3.1/../../../../arm-none-eabi/lib/thumb/v7e-m+fp/hard\libc_nano.a
LOAD C:/ST/STM32CubeIDE_1.17.0/STM32CubeIDE/plugins/com.st.stm32cube.ide.mcu.externaltools.gnu-tools-for-stm32.12.3.rel1.win32_1.1.0.202410251130/tools/bin/../lib/gcc/arm-none-eabi/12.3.1/../../../../arm-none-eabi/lib/thumb/v7e-m+fp/hard\libnosys.a
END GROUP
START GROUP
LOAD C:/ST/STM32CubeIDE_1.17.0/STM32CubeIDE/plugins/com.st.stm32cube.ide.mcu.externaltools.gnu-tools-for-stm32.12.3.rel1.win32_1.1.0.202410251130/tools/bin/../lib/gcc/arm-none-eabi/12.3.1/thumb/v7e-m+fp/hard\libgcc.a
LOAD C:/ST/STM32CubeIDE_1.17.0/STM32CubeIDE/plugins/com.st.stm32cube.ide.mcu.externaltools.gnu-tools-for-stm32.12.3.rel1.win32_1.1.0.202410251130/tools/bin/../lib/gcc/arm-none-eabi/12.3.1/../../../../arm-none-eabi/lib/thumb/v7e-m+fp/hard\libc_nano.a
LOAD C:/ST/STM32CubeIDE_1.17.0/STM32CubeIDE/plugins/com.st.stm32cube.ide.mcu.externaltools.gnu-tools-for-stm32.12.3.rel1.win32_1.1.0.202410251130/tools/bin/../lib/gcc/arm-none-eabi/12.3.1/../../../../arm-none-eabi/lib/thumb/v7e-m+fp/hard\libnosys.a
END GROUP
LOAD C:/ST/STM32CubeIDE_1.17.0/STM32CubeIDE/plugins/com.st.stm32cube.ide.mcu.externaltools.gnu-tools-for-stm32.12.3.rel1.win32_1.1.0.202410251130/tools/bin/../lib/gcc/arm-none-eabi/12.3.1/thumb/v7e-m+fp/hard/crtend.o
LOAD C:/ST/STM32CubeIDE_1.17.0/STM32CubeIDE/plugins/com.st.stm32cube.ide.mcu.externaltools.gnu-tools-for-stm32.12.3.rel1.win32_1.1.0.202410251130/tools/bin/../lib/gcc/arm-none-eabi/12.3.1/thumb/v7e-m+fp/hard/crtn.o
                0x20008000                        _estack = (ORIGIN (RAM) + LENGTH (RAM))
                0x00000200                        _Min_Heap_Size = 0x200
                0x00000400                        _Min_Stack_Size = 0x400

.isr_vector     0x08000000      0x1d8
                0x08000000                        . = ALIGN (0x4)
 *(.isr_vector)
 .isr_vector    0x08000000      0x1d8 ./Core/Startup/startup_stm32g441kbtx.o
                0x08000000                g_pfnVectors
                0x080001d8                        . = ALIGN (0x4)

.text           0x080001d8     0x5020
                0x080001d8                        . = ALIGN (0x4)
 *(.text)
 .text          0x080001d8       0x40 C:/ST/STM32CubeIDE_1.17.0/STM32CubeIDE/plugins/com.st.stm32cube.ide.mcu.externaltools.gnu-tools-for-stm32.12.3.rel1.win32_1.1.0.202410251130/tools/bin/../lib/gcc/arm-none-eabi/12.3.1/thumb/v7e-m+fp/hard/crtbegin.o
 .text          0x08000218       0x30 C:/ST/STM32CubeIDE_1.17.0/STM32CubeIDE/plugins/com.st.stm32cube.ide.mcu.externaltools.gnu-tools-for-stm32.12.3.rel1.win32_1.1.0.202410251130/tools/bin/../lib/gcc/arm-none-eabi/12.3.1/thumb/v7e-m+fp/hard\libgcc.a(_aeabi_uldivmod.o)
                0x08000218                __aeabi_uldivmod
 .text          0x08000248      0x2bc C:/ST/STM32CubeIDE_1.17.0/STM32CubeIDE/plugins/com.st.stm32cube.ide.mcu.externaltools.gnu-tools-for-stm32.12.3.rel1.win32_1.1.0.202410251130/tools/bin/../lib/gcc/arm-none-eabi/12.3.1/thumb/v7e-m+fp/hard\libgcc.a(_udivmoddi4.o)
                0x08000248                __udivmoddi4
 .text          0x08000504        0x4 C:/ST/STM32CubeIDE_1.17.0/STM32CubeIDE/plugins/com.st.stm32cube.ide.mcu.externaltools.gnu-tools-for-stm32.12.3.rel1.win32_1.1.0.202410251130/tools/bin/../lib/gcc/arm-none-eabi/12.3.1/thumb/v7e-m+fp/hard\libgcc.a(_dvmd_tls.o)
                0x08000504                __aeabi_idiv0
                0x08000504                __aeabi_ldiv0
 *(.text*)
 .text.updateFIR
                0x08000508       0x78 ./Core/Src/fir.o
                0x08000508                updateFIR
 .text.printNumToBuff.constprop.1
                0x08000580       0x98 ./Core/Src/main.o
 .text.HAL_UART_RxCpltCallback
                0x08000618      0x194 ./Core/Src/main.o
                0x08000618                HAL_UART_RxCpltCallback
 .text.EXTI3_IRQHandler
                0x080007ac      0x208 ./Core/Src/main.o
                0x080007ac                EXTI3_IRQHandler
 .text.HAL_UART_TxCpltCallback
                0x080009b4       0x18 ./Core/Src/main.o
                0x080009b4                HAL_UART_TxCpltCallback
 .text.HAL_ADC_ConvCpltCallback
                0x080009cc       0x24 ./Core/Src/main.o
                0x080009cc                HAL_ADC_ConvCpltCallback
 .text.writeDACcode
                0x080009f0       0x8c ./Core/Src/main.o
                0x080009f0                writeDACcode
 .text.adcTracking
                0x08000a7c       0x70 ./Core/Src/main.o
                0x08000a7c                adcTracking
 .text.HAL_TIM_PeriodElapsedCallback
                0x08000aec       0x88 ./Core/Src/main.o
                0x08000aec                HAL_TIM_PeriodElapsedCallback
 .text.SystemClock_Config
                0x08000b74       0x6c ./Core/Src/main.o
                0x08000b74                SystemClock_Config
 .text.startup.main
                0x08000be0      0x708 ./Core/Src/main.o
                0x08000be0                main
 .text.Error_Handler
                0x080012e8        0x4 ./Core/Src/main.o
                0x080012e8                Error_Handler
 .text.HAL_MspInit
                0x080012ec       0x30 ./Core/Src/stm32g4xx_hal_msp.o
                0x080012ec                HAL_MspInit
 .text.HAL_ADC_MspInit
                0x0800131c       0x94 ./Core/Src/stm32g4xx_hal_msp.o
                0x0800131c                HAL_ADC_MspInit
 .text.HAL_DAC_MspInit
                0x080013b0       0x74 ./Core/Src/stm32g4xx_hal_msp.o
                0x080013b0                HAL_DAC_MspInit
 .text.HAL_TIM_Base_MspInit
                0x08001424       0x9c ./Core/Src/stm32g4xx_hal_msp.o
                0x08001424                HAL_TIM_Base_MspInit
 .text.HAL_UART_MspInit
                0x080014c0       0xd4 ./Core/Src/stm32g4xx_hal_msp.o
                0x080014c0                HAL_UART_MspInit
 .text.NMI_Handler
                0x08001594        0x4 ./Core/Src/stm32g4xx_it.o
                0x08001594                NMI_Handler
 .text.HardFault_Handler
                0x08001598        0x4 ./Core/Src/stm32g4xx_it.o
                0x08001598                HardFault_Handler
 .text.MemManage_Handler
                0x0800159c        0x4 ./Core/Src/stm32g4xx_it.o
                0x0800159c                MemManage_Handler
 .text.BusFault_Handler
                0x080015a0        0x4 ./Core/Src/stm32g4xx_it.o
                0x080015a0                BusFault_Handler
 .text.UsageFault_Handler
                0x080015a4        0x4 ./Core/Src/stm32g4xx_it.o
                0x080015a4                UsageFault_Handler
 .text.SVC_Handler
                0x080015a8        0x4 ./Core/Src/stm32g4xx_it.o
                0x080015a8                SVC_Handler
 .text.DebugMon_Handler
                0x080015ac        0x4 ./Core/Src/stm32g4xx_it.o
                0x080015ac                DebugMon_Handler
 .text.PendSV_Handler
                0x080015b0        0x4 ./Core/Src/stm32g4xx_it.o
                0x080015b0                PendSV_Handler
 .text.SysTick_Handler
                0x080015b4        0x4 ./Core/Src/stm32g4xx_it.o
                0x080015b4                SysTick_Handler
 .text.DMA1_Channel1_IRQHandler
                0x080015b8        0xc ./Core/Src/stm32g4xx_it.o
                0x080015b8                DMA1_Channel1_IRQHandler
 .text.ADC1_2_IRQHandler
                0x080015c4        0xc ./Core/Src/stm32g4xx_it.o
                0x080015c4                ADC1_2_IRQHandler
 .text.TIM3_IRQHandler
                0x080015d0        0xc ./Core/Src/stm32g4xx_it.o
                0x080015d0                TIM3_IRQHandler
 .text.TIM4_IRQHandler
                0x080015dc        0xc ./Core/Src/stm32g4xx_it.o
                0x080015dc                TIM4_IRQHandler
 .text.USART1_IRQHandler
                0x080015e8        0xc ./Core/Src/stm32g4xx_it.o
                0x080015e8                USART1_IRQHandler
 .text.SystemInit
                0x080015f4       0x14 ./Core/Src/system_stm32g4xx.o
                0x080015f4                SystemInit
 .text.Reset_Handler
                0x08001608       0x50 ./Core/Startup/startup_stm32g441kbtx.o
                0x08001608                Reset_Handler
 .text.Default_Handler
                0x08001658        0x2 ./Core/Startup/startup_stm32g441kbtx.o
                0x08001658                RTC_Alarm_IRQHandler
                0x08001658                EXTI2_IRQHandler
                0x08001658                TIM8_TRG_COM_IRQHandler
                0x08001658                TIM8_CC_IRQHandler
                0x08001658                TIM1_CC_IRQHandler
                0x08001658                USB_HP_IRQHandler
                0x08001658                CORDIC_IRQHandler
                0x08001658                I2C3_ER_IRQHandler
                0x08001658                EXTI0_IRQHandler
                0x08001658                I2C2_EV_IRQHandler
                0x08001658                FPU_IRQHandler
                0x08001658                FDCAN1_IT1_IRQHandler
                0x08001658                TIM1_UP_TIM16_IRQHandler
                0x08001658                SPI1_IRQHandler
                0x08001658                TIM6_DAC_IRQHandler
                0x08001658                TIM8_UP_IRQHandler
                0x08001658                DMA2_Channel2_IRQHandler
                0x08001658                DMA1_Channel4_IRQHandler
                0x08001658                USART3_IRQHandler
                0x08001658                DMA2_Channel1_IRQHandler
                0x08001658                I2C1_EV_IRQHandler
                0x08001658                DMA1_Channel6_IRQHandler
                0x08001658                UART4_IRQHandler
                0x08001658                DMA2_Channel4_IRQHandler
                0x08001658                RCC_IRQHandler
                0x08001658                Default_Handler
                0x08001658                RTC_TAMP_LSECSS_IRQHandler
                0x08001658                FMAC_IRQHandler
                0x08001658                EXTI15_10_IRQHandler
                0x08001658                TIM7_IRQHandler
                0x08001658                UCPD1_IRQHandler
                0x08001658                I2C3_EV_IRQHandler
                0x08001658                EXTI9_5_IRQHandler
                0x08001658                RTC_WKUP_IRQHandler
                0x08001658                PVD_PVM_IRQHandler
                0x08001658                SPI2_IRQHandler
                0x08001658                DMA2_Channel5_IRQHandler
                0x08001658                CRS_IRQHandler
                0x08001658                DMA1_Channel5_IRQHandler
                0x08001658                USB_LP_IRQHandler
                0x08001658                EXTI4_IRQHandler
                0x08001658                RNG_IRQHandler
                0x08001658                TIM1_TRG_COM_TIM17_IRQHandler
                0x08001658                DMA1_Channel3_IRQHandler
                0x08001658                WWDG_IRQHandler
                0x08001658                LPUART1_IRQHandler
                0x08001658                DMA2_Channel6_IRQHandler
                0x08001658                FDCAN1_IT0_IRQHandler
                0x08001658                TIM2_IRQHandler
                0x08001658                COMP1_2_3_IRQHandler
                0x08001658                EXTI1_IRQHandler
                0x08001658                AES_IRQHandler
                0x08001658                USART2_IRQHandler
                0x08001658                I2C2_ER_IRQHandler
                0x08001658                DMA1_Channel2_IRQHandler
                0x08001658                TIM8_BRK_IRQHandler
                0x08001658                FLASH_IRQHandler
                0x08001658                SPI3_IRQHandler
                0x08001658                I2C1_ER_IRQHandler
                0x08001658                LPTIM1_IRQHandler
                0x08001658                DMAMUX_OVR_IRQHandler
                0x08001658                USBWakeUp_IRQHandler
                0x08001658                SAI1_IRQHandler
                0x08001658                DMA2_Channel3_IRQHandler
                0x08001658                COMP4_IRQHandler
                0x08001658                TIM1_BRK_TIM15_IRQHandler
 *fill*         0x0800165a        0x2 
 .text.HAL_InitTick
                0x0800165c       0x4c ./Drivers/STM32G4xx_HAL_Driver/Src/stm32g4xx_hal.o
                0x0800165c                HAL_InitTick
 .text.HAL_Init
                0x080016a8       0x20 ./Drivers/STM32G4xx_HAL_Driver/Src/stm32g4xx_hal.o
                0x080016a8                HAL_Init
 .text.HAL_IncTick
                0x080016c8       0x18 ./Drivers/STM32G4xx_HAL_Driver/Src/stm32g4xx_hal.o
                0x080016c8                HAL_IncTick
 .text.HAL_GetTick
                0x080016e0        0xc ./Drivers/STM32G4xx_HAL_Driver/Src/stm32g4xx_hal.o
                0x080016e0                HAL_GetTick
 .text.HAL_Delay
                0x080016ec       0x24 ./Drivers/STM32G4xx_HAL_Driver/Src/stm32g4xx_hal.o
                0x080016ec                HAL_Delay
 .text.HAL_ADC_Init
                0x08001710      0x1f4 ./Drivers/STM32G4xx_HAL_Driver/Src/stm32g4xx_hal_adc.o
                0x08001710                HAL_ADC_Init
 .text.HAL_ADC_GetValue
                0x08001904        0x8 ./Drivers/STM32G4xx_HAL_Driver/Src/stm32g4xx_hal_adc.o
                0x08001904                HAL_ADC_GetValue
 .text.HAL_ADC_LevelOutOfWindowCallback
                0x0800190c        0x4 ./Drivers/STM32G4xx_HAL_Driver/Src/stm32g4xx_hal_adc.o
                0x0800190c                HAL_ADC_LevelOutOfWindowCallback
 .text.HAL_ADC_ErrorCallback
                0x08001910        0x4 ./Drivers/STM32G4xx_HAL_Driver/Src/stm32g4xx_hal_adc.o
                0x08001910                HAL_ADC_ErrorCallback
 .text.HAL_ADC_IRQHandler
                0x08001914      0x244 ./Drivers/STM32G4xx_HAL_Driver/Src/stm32g4xx_hal_adc.o
                0x08001914                HAL_ADC_IRQHandler
 .text.HAL_ADC_ConfigChannel
                0x08001b58      0x4a4 ./Drivers/STM32G4xx_HAL_Driver/Src/stm32g4xx_hal_adc.o
                0x08001b58                HAL_ADC_ConfigChannel
 .text.ADC_Enable
                0x08001ffc       0xc8 ./Drivers/STM32G4xx_HAL_Driver/Src/stm32g4xx_hal_adc.o
                0x08001ffc                ADC_Enable
 .text.HAL_ADC_Start_IT
                0x080020c4      0x140 ./Drivers/STM32G4xx_HAL_Driver/Src/stm32g4xx_hal_adc.o
                0x080020c4                HAL_ADC_Start_IT
 .text.HAL_ADCEx_InjectedConvCpltCallback
                0x08002204        0x4 ./Drivers/STM32G4xx_HAL_Driver/Src/stm32g4xx_hal_adc_ex.o
                0x08002204                HAL_ADCEx_InjectedConvCpltCallback
 .text.HAL_ADCEx_InjectedQueueOverflowCallback
                0x08002208        0x4 ./Drivers/STM32G4xx_HAL_Driver/Src/stm32g4xx_hal_adc_ex.o
                0x08002208                HAL_ADCEx_InjectedQueueOverflowCallback
 .text.HAL_ADCEx_LevelOutOfWindow2Callback
                0x0800220c        0x4 ./Drivers/STM32G4xx_HAL_Driver/Src/stm32g4xx_hal_adc_ex.o
                0x0800220c                HAL_ADCEx_LevelOutOfWindow2Callback
 .text.HAL_ADCEx_LevelOutOfWindow3Callback
                0x08002210        0x4 ./Drivers/STM32G4xx_HAL_Driver/Src/stm32g4xx_hal_adc_ex.o
                0x08002210                HAL_ADCEx_LevelOutOfWindow3Callback
 .text.HAL_ADCEx_EndOfSamplingCallback
                0x08002214        0x4 ./Drivers/STM32G4xx_HAL_Driver/Src/stm32g4xx_hal_adc_ex.o
                0x08002214                HAL_ADCEx_EndOfSamplingCallback
 .text.HAL_ADCEx_MultiModeConfigChannel
                0x08002218       0xcc ./Drivers/STM32G4xx_HAL_Driver/Src/stm32g4xx_hal_adc_ex.o
                0x08002218                HAL_ADCEx_MultiModeConfigChannel
 .text.HAL_NVIC_SetPriorityGrouping
                0x080022e4       0x24 ./Drivers/STM32G4xx_HAL_Driver/Src/stm32g4xx_hal_cortex.o
                0x080022e4                HAL_NVIC_SetPriorityGrouping
 .text.HAL_NVIC_SetPriority
                0x08002308       0x78 ./Drivers/STM32G4xx_HAL_Driver/Src/stm32g4xx_hal_cortex.o
                0x08002308                HAL_NVIC_SetPriority
 .text.HAL_NVIC_EnableIRQ
                0x08002380       0x1c ./Drivers/STM32G4xx_HAL_Driver/Src/stm32g4xx_hal_cortex.o
                0x08002380                HAL_NVIC_EnableIRQ
 .text.HAL_SYSTICK_Config
                0x0800239c       0x34 ./Drivers/STM32G4xx_HAL_Driver/Src/stm32g4xx_hal_cortex.o
                0x0800239c                HAL_SYSTICK_Config
 .text.HAL_DAC_Init
                0x080023d0       0x2c ./Drivers/STM32G4xx_HAL_Driver/Src/stm32g4xx_hal_dac.o
                0x080023d0                HAL_DAC_Init
 .text.HAL_DAC_ConfigChannel
                0x080023fc      0x1f0 ./Drivers/STM32G4xx_HAL_Driver/Src/stm32g4xx_hal_dac.o
                0x080023fc                HAL_DAC_ConfigChannel
 .text.HAL_DMA_Init
                0x080025ec      0x124 ./Drivers/STM32G4xx_HAL_Driver/Src/stm32g4xx_hal_dma.o
                0x080025ec                HAL_DMA_Init
 .text.HAL_DMA_Start_IT
                0x08002710       0xb0 ./Drivers/STM32G4xx_HAL_Driver/Src/stm32g4xx_hal_dma.o
                0x08002710                HAL_DMA_Start_IT
 .text.HAL_DMA_Abort
                0x080027c0       0x74 ./Drivers/STM32G4xx_HAL_Driver/Src/stm32g4xx_hal_dma.o
                0x080027c0                HAL_DMA_Abort
 .text.HAL_DMA_Abort_IT
                0x08002834       0x78 ./Drivers/STM32G4xx_HAL_Driver/Src/stm32g4xx_hal_dma.o
                0x08002834                HAL_DMA_Abort_IT
 .text.HAL_DMA_IRQHandler
                0x080028ac       0x9c ./Drivers/STM32G4xx_HAL_Driver/Src/stm32g4xx_hal_dma.o
                0x080028ac                HAL_DMA_IRQHandler
 .text.HAL_GPIO_Init
                0x08002948      0x210 ./Drivers/STM32G4xx_HAL_Driver/Src/stm32g4xx_hal_gpio.o
                0x08002948                HAL_GPIO_Init
 .text.HAL_GPIO_ReadPin
                0x08002b58        0xc ./Drivers/STM32G4xx_HAL_Driver/Src/stm32g4xx_hal_gpio.o
                0x08002b58                HAL_GPIO_ReadPin
 .text.HAL_GPIO_WritePin
                0x08002b64        0xc ./Drivers/STM32G4xx_HAL_Driver/Src/stm32g4xx_hal_gpio.o
                0x08002b64                HAL_GPIO_WritePin
 .text.HAL_PWREx_ControlVoltageScaling
                0x08002b70       0xe4 ./Drivers/STM32G4xx_HAL_Driver/Src/stm32g4xx_hal_pwr_ex.o
                0x08002b70                HAL_PWREx_ControlVoltageScaling
 .text.HAL_RCC_OscConfig
                0x08002c54      0x48c ./Drivers/STM32G4xx_HAL_Driver/Src/stm32g4xx_hal_rcc.o
                0x08002c54                HAL_RCC_OscConfig
 .text.HAL_RCC_GetSysClockFreq
                0x080030e0       0x70 ./Drivers/STM32G4xx_HAL_Driver/Src/stm32g4xx_hal_rcc.o
                0x080030e0                HAL_RCC_GetSysClockFreq
 .text.HAL_RCC_ClockConfig
                0x08003150      0x208 ./Drivers/STM32G4xx_HAL_Driver/Src/stm32g4xx_hal_rcc.o
                0x08003150                HAL_RCC_ClockConfig
 .text.HAL_RCC_GetHCLKFreq
                0x08003358        0xc ./Drivers/STM32G4xx_HAL_Driver/Src/stm32g4xx_hal_rcc.o
                0x08003358                HAL_RCC_GetHCLKFreq
 .text.HAL_RCC_GetPCLK1Freq
                0x08003364       0x24 ./Drivers/STM32G4xx_HAL_Driver/Src/stm32g4xx_hal_rcc.o
                0x08003364                HAL_RCC_GetPCLK1Freq
 .text.HAL_RCC_GetPCLK2Freq
                0x08003388       0x24 ./Drivers/STM32G4xx_HAL_Driver/Src/stm32g4xx_hal_rcc.o
                0x08003388                HAL_RCC_GetPCLK2Freq
 .text.HAL_RCCEx_PeriphCLKConfig
                0x080033ac      0x2a0 ./Drivers/STM32G4xx_HAL_Driver/Src/stm32g4xx_hal_rcc_ex.o
                0x080033ac                HAL_RCCEx_PeriphCLKConfig
 .text.HAL_TIM_Base_Init
                0x0800364c       0xfc ./Drivers/STM32G4xx_HAL_Driver/Src/stm32g4xx_hal_tim.o
                0x0800364c                HAL_TIM_Base_Init
 .text.HAL_TIM_Base_Start
                0x08003748       0x68 ./Drivers/STM32G4xx_HAL_Driver/Src/stm32g4xx_hal_tim.o
                0x08003748                HAL_TIM_Base_Start
 .text.HAL_TIM_Base_Start_IT
                0x080037b0       0x70 ./Drivers/STM32G4xx_HAL_Driver/Src/stm32g4xx_hal_tim.o
                0x080037b0                HAL_TIM_Base_Start_IT
 .text.HAL_TIM_ConfigClockSource
                0x08003820      0x19c ./Drivers/STM32G4xx_HAL_Driver/Src/stm32g4xx_hal_tim.o
                0x08003820                HAL_TIM_ConfigClockSource
 .text.HAL_TIM_OC_DelayElapsedCallback
                0x080039bc        0x4 ./Drivers/STM32G4xx_HAL_Driver/Src/stm32g4xx_hal_tim.o
                0x080039bc                HAL_TIM_OC_DelayElapsedCallback
 .text.HAL_TIM_IC_CaptureCallback
                0x080039c0        0x4 ./Drivers/STM32G4xx_HAL_Driver/Src/stm32g4xx_hal_tim.o
                0x080039c0                HAL_TIM_IC_CaptureCallback
 .text.HAL_TIM_PWM_PulseFinishedCallback
                0x080039c4        0x4 ./Drivers/STM32G4xx_HAL_Driver/Src/stm32g4xx_hal_tim.o
                0x080039c4                HAL_TIM_PWM_PulseFinishedCallback
 .text.HAL_TIM_TriggerCallback
                0x080039c8        0x4 ./Drivers/STM32G4xx_HAL_Driver/Src/stm32g4xx_hal_tim.o
                0x080039c8                HAL_TIM_TriggerCallback
 .text.HAL_TIM_IRQHandler
                0x080039cc      0x1c8 ./Drivers/STM32G4xx_HAL_Driver/Src/stm32g4xx_hal_tim.o
                0x080039cc                HAL_TIM_IRQHandler
 .text.HAL_TIMEx_MasterConfigSynchronization
                0x08003b94       0xa4 ./Drivers/STM32G4xx_HAL_Driver/Src/stm32g4xx_hal_tim_ex.o
                0x08003b94                HAL_TIMEx_MasterConfigSynchronization
 .text.HAL_TIMEx_CommutCallback
                0x08003c38        0x4 ./Drivers/STM32G4xx_HAL_Driver/Src/stm32g4xx_hal_tim_ex.o
                0x08003c38                HAL_TIMEx_CommutCallback
 .text.HAL_TIMEx_BreakCallback
                0x08003c3c        0x4 ./Drivers/STM32G4xx_HAL_Driver/Src/stm32g4xx_hal_tim_ex.o
                0x08003c3c                HAL_TIMEx_BreakCallback
 .text.HAL_TIMEx_Break2Callback
                0x08003c40        0x4 ./Drivers/STM32G4xx_HAL_Driver/Src/stm32g4xx_hal_tim_ex.o
                0x08003c40                HAL_TIMEx_Break2Callback
 .text.HAL_TIMEx_EncoderIndexCallback
                0x08003c44        0x4 ./Drivers/STM32G4xx_HAL_Driver/Src/stm32g4xx_hal_tim_ex.o
                0x08003c44                HAL_TIMEx_EncoderIndexCallback
 .text.HAL_TIMEx_DirectionChangeCallback
                0x08003c48        0x4 ./Drivers/STM32G4xx_HAL_Driver/Src/stm32g4xx_hal_tim_ex.o
                0x08003c48                HAL_TIMEx_DirectionChangeCallback
 .text.HAL_TIMEx_IndexErrorCallback
                0x08003c4c        0x4 ./Drivers/STM32G4xx_HAL_Driver/Src/stm32g4xx_hal_tim_ex.o
                0x08003c4c                HAL_TIMEx_IndexErrorCallback
 .text.HAL_TIMEx_TransitionErrorCallback
                0x08003c50        0x4 ./Drivers/STM32G4xx_HAL_Driver/Src/stm32g4xx_hal_tim_ex.o
                0x08003c50                HAL_TIMEx_TransitionErrorCallback
 .text.UART_TxISR_16BIT
                0x08003c54       0x54 ./Drivers/STM32G4xx_HAL_Driver/Src/stm32g4xx_hal_uart.o
 .text.UART_TxISR_16BIT_FIFOEN
                0x08003ca8       0x88 ./Drivers/STM32G4xx_HAL_Driver/Src/stm32g4xx_hal_uart.o
 .text.UART_TxISR_8BIT
                0x08003d30       0x50 ./Drivers/STM32G4xx_HAL_Driver/Src/stm32g4xx_hal_uart.o
 .text.UART_TxISR_8BIT_FIFOEN
                0x08003d80       0x84 ./Drivers/STM32G4xx_HAL_Driver/Src/stm32g4xx_hal_uart.o
 .text.HAL_UART_Transmit_IT
                0x08003e04       0xac ./Drivers/STM32G4xx_HAL_Driver/Src/stm32g4xx_hal_uart.o
                0x08003e04                HAL_UART_Transmit_IT
 .text.HAL_UART_Transmit_DMA
                0x08003eb0       0x88 ./Drivers/STM32G4xx_HAL_Driver/Src/stm32g4xx_hal_uart.o
                0x08003eb0                HAL_UART_Transmit_DMA
 .text.UART_DMATransmitCplt
                0x08003f38       0x44 ./Drivers/STM32G4xx_HAL_Driver/Src/stm32g4xx_hal_uart.o
 .text.HAL_UART_TxHalfCpltCallback
                0x08003f7c        0x4 ./Drivers/STM32G4xx_HAL_Driver/Src/stm32g4xx_hal_uart.o
                0x08003f7c                HAL_UART_TxHalfCpltCallback
 .text.UART_DMATxHalfCplt
                0x08003f80        0xc ./Drivers/STM32G4xx_HAL_Driver/Src/stm32g4xx_hal_uart.o
 .text.HAL_UART_ErrorCallback
                0x08003f8c        0x4 ./Drivers/STM32G4xx_HAL_Driver/Src/stm32g4xx_hal_uart.o
                0x08003f8c                HAL_UART_ErrorCallback
 .text.UART_DMAError
                0x08003f90       0xd4 ./Drivers/STM32G4xx_HAL_Driver/Src/stm32g4xx_hal_uart.o
 .text.UART_DMAAbortOnError
                0x08004064       0x14 ./Drivers/STM32G4xx_HAL_Driver/Src/stm32g4xx_hal_uart.o
 .text.HAL_UARTEx_RxEventCallback
                0x08004078        0x4 ./Drivers/STM32G4xx_HAL_Driver/Src/stm32g4xx_hal_uart.o
                0x08004078                HAL_UARTEx_RxEventCallback
 .text.HAL_UART_IRQHandler
                0x0800407c      0x384 ./Drivers/STM32G4xx_HAL_Driver/Src/stm32g4xx_hal_uart.o
                0x0800407c                HAL_UART_IRQHandler
 .text.UART_RxISR_8BIT.part.0
                0x08004400       0x9c ./Drivers/STM32G4xx_HAL_Driver/Src/stm32g4xx_hal_uart.o
 .text.UART_RxISR_16BIT
                0x0800449c       0x48 ./Drivers/STM32G4xx_HAL_Driver/Src/stm32g4xx_hal_uart.o
 .text.UART_RxISR_8BIT
                0x080044e4       0x44 ./Drivers/STM32G4xx_HAL_Driver/Src/stm32g4xx_hal_uart.o
 .text.UART_RxISR_8BIT_FIFOEN
                0x08004528      0x1e4 ./Drivers/STM32G4xx_HAL_Driver/Src/stm32g4xx_hal_uart.o
 .text.UART_RxISR_16BIT_FIFOEN
                0x0800470c      0x1ec ./Drivers/STM32G4xx_HAL_Driver/Src/stm32g4xx_hal_uart.o
 .text.UART_SetConfig
                0x080048f8      0x294 ./Drivers/STM32G4xx_HAL_Driver/Src/stm32g4xx_hal_uart.o
                0x080048f8                UART_SetConfig
 .text.UART_AdvFeatureConfig
                0x08004b8c       0xb0 ./Drivers/STM32G4xx_HAL_Driver/Src/stm32g4xx_hal_uart.o
                0x08004b8c                UART_AdvFeatureConfig
 .text.UART_CheckIdleState
                0x08004c3c      0x258 ./Drivers/STM32G4xx_HAL_Driver/Src/stm32g4xx_hal_uart.o
                0x08004c3c                UART_CheckIdleState
 .text.HAL_UART_Init
                0x08004e94       0x68 ./Drivers/STM32G4xx_HAL_Driver/Src/stm32g4xx_hal_uart.o
                0x08004e94                HAL_UART_Init
 .text.UART_Start_Receive_IT
                0x08004efc      0x13c ./Drivers/STM32G4xx_HAL_Driver/Src/stm32g4xx_hal_uart.o
                0x08004efc                UART_Start_Receive_IT
 .text.HAL_UARTEx_WakeupCallback
                0x08005038        0x4 ./Drivers/STM32G4xx_HAL_Driver/Src/stm32g4xx_hal_uart_ex.o
                0x08005038                HAL_UARTEx_WakeupCallback
 .text.HAL_UARTEx_RxFifoFullCallback
                0x0800503c        0x4 ./Drivers/STM32G4xx_HAL_Driver/Src/stm32g4xx_hal_uart_ex.o
                0x0800503c                HAL_UARTEx_RxFifoFullCallback
 .text.HAL_UARTEx_TxFifoEmptyCallback
                0x08005040        0x4 ./Drivers/STM32G4xx_HAL_Driver/Src/stm32g4xx_hal_uart_ex.o
                0x08005040                HAL_UARTEx_TxFifoEmptyCallback
 .text.HAL_UARTEx_DisableFifoMode
                0x08005044       0x3c ./Drivers/STM32G4xx_HAL_Driver/Src/stm32g4xx_hal_uart_ex.o
                0x08005044                HAL_UARTEx_DisableFifoMode
 .text.HAL_UARTEx_SetTxFifoThreshold
                0x08005080       0x84 ./Drivers/STM32G4xx_HAL_Driver/Src/stm32g4xx_hal_uart_ex.o
                0x08005080                HAL_UARTEx_SetTxFifoThreshold
 .text.HAL_UARTEx_SetRxFifoThreshold
                0x08005104       0x84 ./Drivers/STM32G4xx_HAL_Driver/Src/stm32g4xx_hal_uart_ex.o
                0x08005104                HAL_UARTEx_SetRxFifoThreshold
 .text.memset   0x08005188       0x10 C:/ST/STM32CubeIDE_1.17.0/STM32CubeIDE/plugins/com.st.stm32cube.ide.mcu.externaltools.gnu-tools-for-stm32.12.3.rel1.win32_1.1.0.202410251130/tools/bin/../lib/gcc/arm-none-eabi/12.3.1/../../../../arm-none-eabi/lib/thumb/v7e-m+fp/hard\libc_nano.a(libc_a-memset.o)
                0x08005188                memset
 .text.__libc_init_array
                0x08005198       0x48 C:/ST/STM32CubeIDE_1.17.0/STM32CubeIDE/plugins/com.st.stm32cube.ide.mcu.externaltools.gnu-tools-for-stm32.12.3.rel1.win32_1.1.0.202410251130/tools/bin/../lib/gcc/arm-none-eabi/12.3.1/../../../../arm-none-eabi/lib/thumb/v7e-m+fp/hard\libc_nano.a(libc_a-init.o)
                0x08005198                __libc_init_array
 *(.glue_7)
 .glue_7        0x080051e0        0x0 linker stubs
 *(.glue_7t)
 .glue_7t       0x080051e0        0x0 linker stubs
 *(.eh_frame)
 .eh_frame      0x080051e0        0x0 C:/ST/STM32CubeIDE_1.17.0/STM32CubeIDE/plugins/com.st.stm32cube.ide.mcu.externaltools.gnu-tools-for-stm32.12.3.rel1.win32_1.1.0.202410251130/tools/bin/../lib/gcc/arm-none-eabi/12.3.1/thumb/v7e-m+fp/hard/crtbegin.o
 *(.init)
 .init          0x080051e0        0x4 C:/ST/STM32CubeIDE_1.17.0/STM32CubeIDE/plugins/com.st.stm32cube.ide.mcu.externaltools.gnu-tools-for-stm32.12.3.rel1.win32_1.1.0.202410251130/tools/bin/../lib/gcc/arm-none-eabi/12.3.1/thumb/v7e-m+fp/hard/crti.o
                0x080051e0                _init
 .init          0x080051e4        0x8 C:/ST/STM32CubeIDE_1.17.0/STM32CubeIDE/plugins/com.st.stm32cube.ide.mcu.externaltools.gnu-tools-for-stm32.12.3.rel1.win32_1.1.0.202410251130/tools/bin/../lib/gcc/arm-none-eabi/12.3.1/thumb/v7e-m+fp/hard/crtn.o
 *(.fini)
 .fini          0x080051ec        0x4 C:/ST/STM32CubeIDE_1.17.0/STM32CubeIDE/plugins/com.st.stm32cube.ide.mcu.externaltools.gnu-tools-for-stm32.12.3.rel1.win32_1.1.0.202410251130/tools/bin/../lib/gcc/arm-none-eabi/12.3.1/thumb/v7e-m+fp/hard/crti.o
                0x080051ec                _fini
 .fini          0x080051f0        0x8 C:/ST/STM32CubeIDE_1.17.0/STM32CubeIDE/plugins/com.st.stm32cube.ide.mcu.externaltools.gnu-tools-for-stm32.12.3.rel1.win32_1.1.0.202410251130/tools/bin/../lib/gcc/arm-none-eabi/12.3.1/thumb/v7e-m+fp/hard/crtn.o
                0x080051f8                        . = ALIGN (0x4)
                0x080051f8                        _etext = .

.vfp11_veneer   0x080051f8        0x0
 .vfp11_veneer  0x080051f8        0x0 linker stubs

.v4_bx          0x080051f8        0x0
 .v4_bx         0x080051f8        0x0 linker stubs

.iplt           0x080051f8        0x0
 .iplt          0x080051f8        0x0 C:/ST/STM32CubeIDE_1.17.0/STM32CubeIDE/plugins/com.st.stm32cube.ide.mcu.externaltools.gnu-tools-for-stm32.12.3.rel1.win32_1.1.0.202410251130/tools/bin/../lib/gcc/arm-none-eabi/12.3.1/thumb/v7e-m+fp/hard/crtbegin.o

.rodata         0x080051f8       0x40
                0x080051f8                        . = ALIGN (0x4)
 *(.rodata)
 *(.rodata*)
 .rodata.APBPrescTable
                0x080051f8        0x8 ./Core/Src/system_stm32g4xx.o
                0x080051f8                APBPrescTable
 .rodata.AHBPrescTable
                0x08005200       0x10 ./Core/Src/system_stm32g4xx.o
                0x08005200                AHBPrescTable
 .rodata.UARTPrescTable
                0x08005210       0x18 ./Drivers/STM32G4xx_HAL_Driver/Src/stm32g4xx_hal_uart.o
                0x08005210                UARTPrescTable
 .rodata.denominator.0
                0x08005228        0x8 ./Drivers/STM32G4xx_HAL_Driver/Src/stm32g4xx_hal_uart_ex.o
 .rodata.numerator.1
                0x08005230        0x8 ./Drivers/STM32G4xx_HAL_Driver/Src/stm32g4xx_hal_uart_ex.o
                0x08005238                        . = ALIGN (0x4)

.ARM.extab      0x08005238        0x0
                0x08005238                        . = ALIGN (0x4)
 *(.ARM.extab* .gnu.linkonce.armextab.*)
                0x08005238                        . = ALIGN (0x4)

.ARM            0x08005238        0x8
                0x08005238                        . = ALIGN (0x4)
                0x08005238                        __exidx_start = .
 *(.ARM.exidx*)
 .ARM.exidx     0x08005238        0x8 C:/ST/STM32CubeIDE_1.17.0/STM32CubeIDE/plugins/com.st.stm32cube.ide.mcu.externaltools.gnu-tools-for-stm32.12.3.rel1.win32_1.1.0.202410251130/tools/bin/../lib/gcc/arm-none-eabi/12.3.1/thumb/v7e-m+fp/hard\libgcc.a(_udivmoddi4.o)
                0x08005240                        __exidx_end = .
                0x08005240                        . = ALIGN (0x4)

.rel.dyn        0x08005240        0x0
 .rel.iplt      0x08005240        0x0 C:/ST/STM32CubeIDE_1.17.0/STM32CubeIDE/plugins/com.st.stm32cube.ide.mcu.externaltools.gnu-tools-for-stm32.12.3.rel1.win32_1.1.0.202410251130/tools/bin/../lib/gcc/arm-none-eabi/12.3.1/thumb/v7e-m+fp/hard/crtbegin.o

.preinit_array  0x08005240        0x0
                0x08005240                        . = ALIGN (0x4)
                0x08005240                        PROVIDE (__preinit_array_start = .)
 *(.preinit_array*)
                0x08005240                        PROVIDE (__preinit_array_end = .)
                0x08005240                        . = ALIGN (0x4)

.init_array     0x08005240        0x4
                0x08005240                        . = ALIGN (0x4)
                0x08005240                        PROVIDE (__init_array_start = .)
 *(SORT_BY_NAME(.init_array.*))
 *(.init_array*)
 .init_array    0x08005240        0x4 C:/ST/STM32CubeIDE_1.17.0/STM32CubeIDE/plugins/com.st.stm32cube.ide.mcu.externaltools.gnu-tools-for-stm32.12.3.rel1.win32_1.1.0.202410251130/tools/bin/../lib/gcc/arm-none-eabi/12.3.1/thumb/v7e-m+fp/hard/crtbegin.o
                0x08005244                        PROVIDE (__init_array_end = .)
                0x08005244                        . = ALIGN (0x4)

.fini_array     0x08005244        0x4
                0x08005244                        . = ALIGN (0x4)
                [!provide]                        PROVIDE (__fini_array_start = .)
 *(SORT_BY_NAME(.fini_array.*))
 *(.fini_array*)
 .fini_array    0x08005244        0x4 C:/ST/STM32CubeIDE_1.17.0/STM32CubeIDE/plugins/com.st.stm32cube.ide.mcu.externaltools.gnu-tools-for-stm32.12.3.rel1.win32_1.1.0.202410251130/tools/bin/../lib/gcc/arm-none-eabi/12.3.1/thumb/v7e-m+fp/hard/crtbegin.o
                [!provide]                        PROVIDE (__fini_array_end = .)
                0x08005248                        . = ALIGN (0x4)
                0x08005248                        _sidata = LOADADDR (.data)

.data           0x20000000      0x868 load address 0x08005248
                0x20000000                        . = ALIGN (0x4)
                0x20000000                        _sdata = .
 *(.data)
 *(.data*)
 .data.Ntaps    0x20000000        0x2 ./Core/Src/fir.o
                0x20000000                Ntaps
 *fill*         0x20000002        0x2 
 .data.fir_coef
                0x20000004      0x7d4 ./Core/Src/fir.o
                0x20000004                fir_coef
 .data.dmaBuff  0x200007d8       0x80 ./Core/Src/main.o
                0x200007d8                dmaBuff
 .data.decRatio
                0x20000858        0x4 ./Core/Src/main.o
                0x20000858                decRatio
 .data.SystemCoreClock
                0x2000085c        0x4 ./Core/Src/system_stm32g4xx.o
                0x2000085c                SystemCoreClock
 .data.uwTickFreq
                0x20000860        0x4 ./Drivers/STM32G4xx_HAL_Driver/Src/stm32g4xx_hal.o
                0x20000860                uwTickFreq
 .data.uwTickPrio
                0x20000864        0x4 ./Drivers/STM32G4xx_HAL_Driver/Src/stm32g4xx_hal.o
                0x20000864                uwTickPrio
 *(.RamFunc)
 *(.RamFunc*)
                0x20000868                        . = ALIGN (0x4)
                0x20000868                        _edata = .

.igot.plt       0x20000868        0x0 load address 0x08005ab0
 .igot.plt      0x20000868        0x0 C:/ST/STM32CubeIDE_1.17.0/STM32CubeIDE/plugins/com.st.stm32cube.ide.mcu.externaltools.gnu-tools-for-stm32.12.3.rel1.win32_1.1.0.202410251130/tools/bin/../lib/gcc/arm-none-eabi/12.3.1/thumb/v7e-m+fp/hard/crtbegin.o
                0x20000868                        . = ALIGN (0x4)

.bss            0x20000868      0xaa4 load address 0x08005ab0
                0x20000868                        _sbss = .
                0x20000868                        __bss_start__ = _sbss
 *(.bss)
 .bss           0x20000868       0x1c C:/ST/STM32CubeIDE_1.17.0/STM32CubeIDE/plugins/com.st.stm32cube.ide.mcu.externaltools.gnu-tools-for-stm32.12.3.rel1.win32_1.1.0.202410251130/tools/bin/../lib/gcc/arm-none-eabi/12.3.1/thumb/v7e-m+fp/hard/crtbegin.o
 *(.bss*)
 .bss.fir_buffer
                0x20000884      0x7d4 ./Core/Src/fir.o
                0x20000884                fir_buffer
 .bss.test_cnt  0x20001058        0x4 ./Core/Src/main.o
                0x20001058                test_cnt
 .bss.adcTrackingCount
                0x2000105c        0x4 ./Core/Src/main.o
                0x2000105c                adcTrackingCount
 .bss.uartTxCt  0x20001060        0x4 ./Core/Src/main.o
                0x20001060                uartTxCt
 .bss.uartRxCt  0x20001064        0x4 ./Core/Src/main.o
                0x20001064                uartRxCt
 .bss.diff_2_d  0x20001068        0x4 ./Core/Src/main.o
                0x20001068                diff_2_d
 .bss.diff_1_d  0x2000106c        0x4 ./Core/Src/main.o
                0x2000106c                diff_1_d
 .bss.diff_3    0x20001070        0x4 ./Core/Src/main.o
                0x20001070                diff_3
 .bss.diff_2    0x20001074        0x4 ./Core/Src/main.o
                0x20001074                diff_2
 .bss.diff_1    0x20001078        0x4 ./Core/Src/main.o
                0x20001078                diff_1
 .bss.Integrator_3_d2
                0x2000107c        0x4 ./Core/Src/main.o
                0x2000107c                Integrator_3_d2
 .bss.Integrator_3
                0x20001080        0x4 ./Core/Src/main.o
                0x20001080                Integrator_3
 .bss.Integrator_2
                0x20001084        0x4 ./Core/Src/main.o
                0x20001084                Integrator_2
 .bss.Integrator_1
                0x20001088        0x4 ./Core/Src/main.o
                0x20001088                Integrator_1
 .bss.rxData    0x2000108c        0x1 ./Core/Src/main.o
                0x2000108c                rxData
 .bss.mode      0x2000108d        0x1 ./Core/Src/main.o
                0x2000108d                mode
 *fill*         0x2000108e        0x2 
 .bss.accValue  0x20001090        0x4 ./Core/Src/main.o
                0x20001090                accValue
 .bss.outValue  0x20001094        0x4 ./Core/Src/main.o
                0x20001094                outValue
 .bss.actAdcVal
                0x20001098        0x4 ./Core/Src/main.o
                0x20001098                actAdcVal
 .bss.actFirVal
                0x2000109c        0x4 ./Core/Src/main.o
                0x2000109c                actFirVal
 .bss.adcRunning
                0x200010a0        0x1 ./Core/Src/main.o
                0x200010a0                adcRunning
 .bss.actAdcFlag
                0x200010a1        0x1 ./Core/Src/main.o
                0x200010a1                actAdcFlag
 *fill*         0x200010a2        0x2 
 .bss.actFirValDec
                0x200010a4        0x4 ./Core/Src/main.o
                0x200010a4                actFirValDec
 .bss.dmaSize   0x200010a8        0x1 ./Core/Src/main.o
                0x200010a8                dmaSize
 .bss.uartDmaFlag
                0x200010a9        0x1 ./Core/Src/main.o
                0x200010a9                uartDmaFlag
 .bss.sendFlag  0x200010aa        0x1 ./Core/Src/main.o
                0x200010aa                sendFlag
 *fill*         0x200010ab        0x1 
 .bss.clockCounter
                0x200010ac        0x2 ./Core/Src/main.o
                0x200010ac                clockCounter
 *fill*         0x200010ae        0x2 
 .bss.hdma_usart1_tx
                0x200010b0       0x60 ./Core/Src/main.o
                0x200010b0                hdma_usart1_tx
 .bss.huart1    0x20001110       0x94 ./Core/Src/main.o
                0x20001110                huart1
 .bss.htim4     0x200011a4       0x4c ./Core/Src/main.o
                0x200011a4                htim4
 .bss.htim3     0x200011f0       0x4c ./Core/Src/main.o
                0x200011f0                htim3
 .bss.htim2     0x2000123c       0x4c ./Core/Src/main.o
                0x2000123c                htim2
 .bss.hdac1     0x20001288       0x14 ./Core/Src/main.o
                0x20001288                hdac1
 .bss.hadc1     0x2000129c       0x6c ./Core/Src/main.o
                0x2000129c                hadc1
 .bss.uwTick    0x20001308        0x4 ./Drivers/STM32G4xx_HAL_Driver/Src/stm32g4xx_hal.o
                0x20001308                uwTick
 *(COMMON)
                0x2000130c                        . = ALIGN (0x4)
                0x2000130c                        _ebss = .
                0x2000130c                        __bss_end__ = _ebss

._user_heap_stack
                0x2000130c      0x604 load address 0x08005ab0
                0x20001310                        . = ALIGN (0x8)
 *fill*         0x2000130c        0x4 
                [!provide]                        PROVIDE (end = .)
                0x20001310                        PROVIDE (_end = .)
                0x20001510                        . = (. + _Min_Heap_Size)
 *fill*         0x20001310      0x200 
                0x20001910                        . = (. + _Min_Stack_Size)
 *fill*         0x20001510      0x400 
                0x20001910                        . = ALIGN (0x8)

/DISCARD/
 libc.a(*)
 libm.a(*)
 libgcc.a(*)

.ARM.attributes
                0x00000000       0x30
 *(.ARM.attributes)
 .ARM.attributes
                0x00000000       0x22 C:/ST/STM32CubeIDE_1.17.0/STM32CubeIDE/plugins/com.st.stm32cube.ide.mcu.externaltools.gnu-tools-for-stm32.12.3.rel1.win32_1.1.0.202410251130/tools/bin/../lib/gcc/arm-none-eabi/12.3.1/thumb/v7e-m+fp/hard/crti.o
 .ARM.attributes
                0x00000022       0x34 C:/ST/STM32CubeIDE_1.17.0/STM32CubeIDE/plugins/com.st.stm32cube.ide.mcu.externaltools.gnu-tools-for-stm32.12.3.rel1.win32_1.1.0.202410251130/tools/bin/../lib/gcc/arm-none-eabi/12.3.1/thumb/v7e-m+fp/hard/crtbegin.o
 .ARM.attributes
                0x00000056       0x30 ./Core/Src/fir.o
 .ARM.attributes
                0x00000086       0x30 ./Core/Src/main.o
 .ARM.attributes
                0x000000b6       0x30 ./Core/Src/stm32g4xx_hal_msp.o
 .ARM.attributes
                0x000000e6       0x30 ./Core/Src/stm32g4xx_it.o
 .ARM.attributes
                0x00000116       0x30 ./Core/Src/system_stm32g4xx.o
 .ARM.attributes
                0x00000146       0x21 ./Core/Startup/startup_stm32g441kbtx.o
 .ARM.attributes
                0x00000167       0x30 ./Drivers/STM32G4xx_HAL_Driver/Src/stm32g4xx_hal.o
 .ARM.attributes
                0x00000197       0x30 ./Drivers/STM32G4xx_HAL_Driver/Src/stm32g4xx_hal_adc.o
 .ARM.attributes
                0x000001c7       0x30 ./Drivers/STM32G4xx_HAL_Driver/Src/stm32g4xx_hal_adc_ex.o
 .ARM.attributes
                0x000001f7       0x30 ./Drivers/STM32G4xx_HAL_Driver/Src/stm32g4xx_hal_cortex.o
 .ARM.attributes
                0x00000227       0x30 ./Drivers/STM32G4xx_HAL_Driver/Src/stm32g4xx_hal_dac.o
 .ARM.attributes
                0x00000257       0x30 ./Drivers/STM32G4xx_HAL_Driver/Src/stm32g4xx_hal_dma.o
 .ARM.attributes
                0x00000287       0x30 ./Drivers/STM32G4xx_HAL_Driver/Src/stm32g4xx_hal_gpio.o
 .ARM.attributes
                0x000002b7       0x30 ./Drivers/STM32G4xx_HAL_Driver/Src/stm32g4xx_hal_pwr_ex.o
 .ARM.attributes
                0x000002e7       0x30 ./Drivers/STM32G4xx_HAL_Driver/Src/stm32g4xx_hal_rcc.o
 .ARM.attributes
                0x00000317       0x30 ./Drivers/STM32G4xx_HAL_Driver/Src/stm32g4xx_hal_rcc_ex.o
 .ARM.attributes
                0x00000347       0x30 ./Drivers/STM32G4xx_HAL_Driver/Src/stm32g4xx_hal_tim.o
 .ARM.attributes
                0x00000377       0x30 ./Drivers/STM32G4xx_HAL_Driver/Src/stm32g4xx_hal_tim_ex.o
 .ARM.attributes
                0x000003a7       0x30 ./Drivers/STM32G4xx_HAL_Driver/Src/stm32g4xx_hal_uart.o
 .ARM.attributes
                0x000003d7       0x30 ./Drivers/STM32G4xx_HAL_Driver/Src/stm32g4xx_hal_uart_ex.o
 .ARM.attributes
                0x00000407       0x34 C:/ST/STM32CubeIDE_1.17.0/STM32CubeIDE/plugins/com.st.stm32cube.ide.mcu.externaltools.gnu-tools-for-stm32.12.3.rel1.win32_1.1.0.202410251130/tools/bin/../lib/gcc/arm-none-eabi/12.3.1/../../../../arm-none-eabi/lib/thumb/v7e-m+fp/hard\libc_nano.a(libc_a-memset.o)
 .ARM.attributes
                0x0000043b       0x34 C:/ST/STM32CubeIDE_1.17.0/STM32CubeIDE/plugins/com.st.stm32cube.ide.mcu.externaltools.gnu-tools-for-stm32.12.3.rel1.win32_1.1.0.202410251130/tools/bin/../lib/gcc/arm-none-eabi/12.3.1/../../../../arm-none-eabi/lib/thumb/v7e-m+fp/hard\libc_nano.a(libc_a-init.o)
 .ARM.attributes
                0x0000046f       0x22 C:/ST/STM32CubeIDE_1.17.0/STM32CubeIDE/plugins/com.st.stm32cube.ide.mcu.externaltools.gnu-tools-for-stm32.12.3.rel1.win32_1.1.0.202410251130/tools/bin/../lib/gcc/arm-none-eabi/12.3.1/thumb/v7e-m+fp/hard\libgcc.a(_aeabi_uldivmod.o)
 .ARM.attributes
                0x00000491       0x34 C:/ST/STM32CubeIDE_1.17.0/STM32CubeIDE/plugins/com.st.stm32cube.ide.mcu.externaltools.gnu-tools-for-stm32.12.3.rel1.win32_1.1.0.202410251130/tools/bin/../lib/gcc/arm-none-eabi/12.3.1/thumb/v7e-m+fp/hard\libgcc.a(_udivmoddi4.o)
 .ARM.attributes
                0x000004c5       0x22 C:/ST/STM32CubeIDE_1.17.0/STM32CubeIDE/plugins/com.st.stm32cube.ide.mcu.externaltools.gnu-tools-for-stm32.12.3.rel1.win32_1.1.0.202410251130/tools/bin/../lib/gcc/arm-none-eabi/12.3.1/thumb/v7e-m+fp/hard\libgcc.a(_dvmd_tls.o)
 .ARM.attributes
                0x000004e7       0x22 C:/ST/STM32CubeIDE_1.17.0/STM32CubeIDE/plugins/com.st.stm32cube.ide.mcu.externaltools.gnu-tools-for-stm32.12.3.rel1.win32_1.1.0.202410251130/tools/bin/../lib/gcc/arm-none-eabi/12.3.1/thumb/v7e-m+fp/hard/crtn.o
OUTPUT(ZDS_STM32boardV2_FW.elf elf32-littlearm)
LOAD linker stubs
LOAD C:/ST/STM32CubeIDE_1.17.0/STM32CubeIDE/plugins/com.st.stm32cube.ide.mcu.externaltools.gnu-tools-for-stm32.12.3.rel1.win32_1.1.0.202410251130/tools/bin/../lib/gcc/arm-none-eabi/12.3.1/../../../../arm-none-eabi/lib/thumb/v7e-m+fp/hard\libc.a
LOAD C:/ST/STM32CubeIDE_1.17.0/STM32CubeIDE/plugins/com.st.stm32cube.ide.mcu.externaltools.gnu-tools-for-stm32.12.3.rel1.win32_1.1.0.202410251130/tools/bin/../lib/gcc/arm-none-eabi/12.3.1/../../../../arm-none-eabi/lib/thumb/v7e-m+fp/hard\libm.a
LOAD C:/ST/STM32CubeIDE_1.17.0/STM32CubeIDE/plugins/com.st.stm32cube.ide.mcu.externaltools.gnu-tools-for-stm32.12.3.rel1.win32_1.1.0.202410251130/tools/bin/../lib/gcc/arm-none-eabi/12.3.1/thumb/v7e-m+fp/hard\libgcc.a

.debug_info     0x00000000    0x23669
 .debug_info    0x00000000      0x19d ./Core/Src/fir.o
 .debug_info    0x0000019d     0x3b25 ./Core/Src/main.o
 .debug_info    0x00003cc2     0x1e0f ./Core/Src/stm32g4xx_hal_msp.o
 .debug_info    0x00005ad1     0x1162 ./Core/Src/stm32g4xx_it.o
 .debug_info    0x00006c33      0x5a7 ./Core/Src/system_stm32g4xx.o
 .debug_info    0x000071da       0x30 ./Core/Startup/startup_stm32g441kbtx.o
 .debug_info    0x0000720a      0xbe7 ./Drivers/STM32G4xx_HAL_Driver/Src/stm32g4xx_hal.o
 .debug_info    0x00007df1     0x34fc ./Drivers/STM32G4xx_HAL_Driver/Src/stm32g4xx_hal_adc.o
 .debug_info    0x0000b2ed     0x2d24 ./Drivers/STM32G4xx_HAL_Driver/Src/stm32g4xx_hal_adc_ex.o
 .debug_info    0x0000e011      0xf94 ./Drivers/STM32G4xx_HAL_Driver/Src/stm32g4xx_hal_cortex.o
 .debug_info    0x0000efa5      0xe03 ./Drivers/STM32G4xx_HAL_Driver/Src/stm32g4xx_hal_dac.o
 .debug_info    0x0000fda8      0xa4e ./Drivers/STM32G4xx_HAL_Driver/Src/stm32g4xx_hal_dma.o
 .debug_info    0x000107f6      0x799 ./Drivers/STM32G4xx_HAL_Driver/Src/stm32g4xx_hal_gpio.o
 .debug_info    0x00010f8f      0x993 ./Drivers/STM32G4xx_HAL_Driver/Src/stm32g4xx_hal_pwr_ex.o
 .debug_info    0x00011922      0xe7b ./Drivers/STM32G4xx_HAL_Driver/Src/stm32g4xx_hal_rcc.o
 .debug_info    0x0001279d      0xd46 ./Drivers/STM32G4xx_HAL_Driver/Src/stm32g4xx_hal_rcc_ex.o
 .debug_info    0x000134e3     0x4fd2 ./Drivers/STM32G4xx_HAL_Driver/Src/stm32g4xx_hal_tim.o
 .debug_info    0x000184b5     0x2593 ./Drivers/STM32G4xx_HAL_Driver/Src/stm32g4xx_hal_tim_ex.o
 .debug_info    0x0001aa48     0x784f ./Drivers/STM32G4xx_HAL_Driver/Src/stm32g4xx_hal_uart.o
 .debug_info    0x00022297     0x13d2 ./Drivers/STM32G4xx_HAL_Driver/Src/stm32g4xx_hal_uart_ex.o

.debug_abbrev   0x00000000     0x3970
 .debug_abbrev  0x00000000      0x119 ./Core/Src/fir.o
 .debug_abbrev  0x00000119      0x4dd ./Core/Src/main.o
 .debug_abbrev  0x000005f6      0x2ba ./Core/Src/stm32g4xx_hal_msp.o
 .debug_abbrev  0x000008b0      0x23b ./Core/Src/stm32g4xx_it.o
 .debug_abbrev  0x00000aeb      0x120 ./Core/Src/system_stm32g4xx.o
 .debug_abbrev  0x00000c0b       0x24 ./Core/Startup/startup_stm32g441kbtx.o
 .debug_abbrev  0x00000c2f      0x2dd ./Drivers/STM32G4xx_HAL_Driver/Src/stm32g4xx_hal.o
 .debug_abbrev  0x00000f0c      0x355 ./Drivers/STM32G4xx_HAL_Driver/Src/stm32g4xx_hal_adc.o
 .debug_abbrev  0x00001261      0x3eb ./Drivers/STM32G4xx_HAL_Driver/Src/stm32g4xx_hal_adc_ex.o
 .debug_abbrev  0x0000164c      0x387 ./Drivers/STM32G4xx_HAL_Driver/Src/stm32g4xx_hal_cortex.o
 .debug_abbrev  0x000019d3      0x291 ./Drivers/STM32G4xx_HAL_Driver/Src/stm32g4xx_hal_dac.o
 .debug_abbrev  0x00001c64      0x2af ./Drivers/STM32G4xx_HAL_Driver/Src/stm32g4xx_hal_dma.o
 .debug_abbrev  0x00001f13      0x1fb ./Drivers/STM32G4xx_HAL_Driver/Src/stm32g4xx_hal_gpio.o
 .debug_abbrev  0x0000210e      0x281 ./Drivers/STM32G4xx_HAL_Driver/Src/stm32g4xx_hal_pwr_ex.o
 .debug_abbrev  0x0000238f      0x352 ./Drivers/STM32G4xx_HAL_Driver/Src/stm32g4xx_hal_rcc.o
 .debug_abbrev  0x000026e1      0x2ce ./Drivers/STM32G4xx_HAL_Driver/Src/stm32g4xx_hal_rcc_ex.o
 .debug_abbrev  0x000029af      0x3d9 ./Drivers/STM32G4xx_HAL_Driver/Src/stm32g4xx_hal_tim.o
 .debug_abbrev  0x00002d88      0x3d0 ./Drivers/STM32G4xx_HAL_Driver/Src/stm32g4xx_hal_tim_ex.o
 .debug_abbrev  0x00003158      0x4b8 ./Drivers/STM32G4xx_HAL_Driver/Src/stm32g4xx_hal_uart.o
 .debug_abbrev  0x00003610      0x360 ./Drivers/STM32G4xx_HAL_Driver/Src/stm32g4xx_hal_uart_ex.o

.debug_loclists
                0x00000000    0x110d2
 .debug_loclists
                0x00000000       0x83 ./Core/Src/fir.o
 .debug_loclists
                0x00000083      0xa75 ./Core/Src/main.o
 .debug_loclists
                0x00000af8       0xfd ./Core/Src/stm32g4xx_hal_msp.o
 .debug_loclists
                0x00000bf5       0x7e ./Core/Src/system_stm32g4xx.o
 .debug_loclists
                0x00000c73      0x15b ./Drivers/STM32G4xx_HAL_Driver/Src/stm32g4xx_hal.o
 .debug_loclists
                0x00000dce     0x1955 ./Drivers/STM32G4xx_HAL_Driver/Src/stm32g4xx_hal_adc.o
 .debug_loclists
                0x00002723     0x14c8 ./Drivers/STM32G4xx_HAL_Driver/Src/stm32g4xx_hal_adc_ex.o
 .debug_loclists
                0x00003beb      0x4cb ./Drivers/STM32G4xx_HAL_Driver/Src/stm32g4xx_hal_cortex.o
 .debug_loclists
                0x000040b6      0x6f9 ./Drivers/STM32G4xx_HAL_Driver/Src/stm32g4xx_hal_dac.o
 .debug_loclists
                0x000047af      0x5cc ./Drivers/STM32G4xx_HAL_Driver/Src/stm32g4xx_hal_dma.o
 .debug_loclists
                0x00004d7b      0x2a1 ./Drivers/STM32G4xx_HAL_Driver/Src/stm32g4xx_hal_gpio.o
 .debug_loclists
                0x0000501c      0x3ca ./Drivers/STM32G4xx_HAL_Driver/Src/stm32g4xx_hal_pwr_ex.o
 .debug_loclists
                0x000053e6      0x5a1 ./Drivers/STM32G4xx_HAL_Driver/Src/stm32g4xx_hal_rcc.o
 .debug_loclists
                0x00005987      0x688 ./Drivers/STM32G4xx_HAL_Driver/Src/stm32g4xx_hal_rcc_ex.o
 .debug_loclists
                0x0000600f     0x484f ./Drivers/STM32G4xx_HAL_Driver/Src/stm32g4xx_hal_tim.o
 .debug_loclists
                0x0000a85e     0x16f1 ./Drivers/STM32G4xx_HAL_Driver/Src/stm32g4xx_hal_tim_ex.o
 .debug_loclists
                0x0000bf4f     0x48d8 ./Drivers/STM32G4xx_HAL_Driver/Src/stm32g4xx_hal_uart.o
 .debug_loclists
                0x00010827      0x8ab ./Drivers/STM32G4xx_HAL_Driver/Src/stm32g4xx_hal_uart_ex.o

.debug_aranges  0x00000000     0x1288
 .debug_aranges
                0x00000000       0x30 ./Core/Src/fir.o
 .debug_aranges
                0x00000030       0x88 ./Core/Src/main.o
 .debug_aranges
                0x000000b8       0x60 ./Core/Src/stm32g4xx_hal_msp.o
 .debug_aranges
                0x00000118       0x88 ./Core/Src/stm32g4xx_it.o
 .debug_aranges
                0x000001a0       0x28 ./Core/Src/system_stm32g4xx.o
 .debug_aranges
                0x000001c8       0x28 ./Core/Startup/startup_stm32g441kbtx.o
 .debug_aranges
                0x000001f0      0x148 ./Drivers/STM32G4xx_HAL_Driver/Src/stm32g4xx_hal.o
 .debug_aranges
                0x00000338      0x108 ./Drivers/STM32G4xx_HAL_Driver/Src/stm32g4xx_hal_adc.o
 .debug_aranges
                0x00000440       0xf0 ./Drivers/STM32G4xx_HAL_Driver/Src/stm32g4xx_hal_adc_ex.o
 .debug_aranges
                0x00000530       0xa8 ./Drivers/STM32G4xx_HAL_Driver/Src/stm32g4xx_hal_cortex.o
 .debug_aranges
                0x000005d8       0xc0 ./Drivers/STM32G4xx_HAL_Driver/Src/stm32g4xx_hal_dac.o
 .debug_aranges
                0x00000698       0x78 ./Drivers/STM32G4xx_HAL_Driver/Src/stm32g4xx_hal_dma.o
 .debug_aranges
                0x00000710       0x58 ./Drivers/STM32G4xx_HAL_Driver/Src/stm32g4xx_hal_gpio.o
 .debug_aranges
                0x00000768      0x140 ./Drivers/STM32G4xx_HAL_Driver/Src/stm32g4xx_hal_pwr_ex.o
 .debug_aranges
                0x000008a8       0x90 ./Drivers/STM32G4xx_HAL_Driver/Src/stm32g4xx_hal_rcc.o
 .debug_aranges
                0x00000938       0xb0 ./Drivers/STM32G4xx_HAL_Driver/Src/stm32g4xx_hal_rcc_ex.o
 .debug_aranges
                0x000009e8      0x398 ./Drivers/STM32G4xx_HAL_Driver/Src/stm32g4xx_hal_tim.o
 .debug_aranges
                0x00000d80      0x238 ./Drivers/STM32G4xx_HAL_Driver/Src/stm32g4xx_hal_tim_ex.o
 .debug_aranges
                0x00000fb8      0x238 ./Drivers/STM32G4xx_HAL_Driver/Src/stm32g4xx_hal_uart.o
 .debug_aranges
                0x000011f0       0x98 ./Drivers/STM32G4xx_HAL_Driver/Src/stm32g4xx_hal_uart_ex.o

.debug_rnglists
                0x00000000     0x1ee0
 .debug_rnglists
                0x00000000       0x1f ./Core/Src/fir.o
 .debug_rnglists
                0x0000001f      0x127 ./Core/Src/main.o
 .debug_rnglists
                0x00000146       0xaf ./Core/Src/stm32g4xx_hal_msp.o
 .debug_rnglists
                0x000001f5       0x61 ./Core/Src/stm32g4xx_it.o
 .debug_rnglists
                0x00000256       0x1a ./Core/Src/system_stm32g4xx.o
 .debug_rnglists
                0x00000270       0x19 ./Core/Startup/startup_stm32g441kbtx.o
 .debug_rnglists
                0x00000289       0xf1 ./Drivers/STM32G4xx_HAL_Driver/Src/stm32g4xx_hal.o
 .debug_rnglists
                0x0000037a      0x45a ./Drivers/STM32G4xx_HAL_Driver/Src/stm32g4xx_hal_adc.o
 .debug_rnglists
                0x000007d4      0x3c8 ./Drivers/STM32G4xx_HAL_Driver/Src/stm32g4xx_hal_adc_ex.o
 .debug_rnglists
                0x00000b9c       0xee ./Drivers/STM32G4xx_HAL_Driver/Src/stm32g4xx_hal_cortex.o
 .debug_rnglists
                0x00000c8a       0x8e ./Drivers/STM32G4xx_HAL_Driver/Src/stm32g4xx_hal_dac.o
 .debug_rnglists
                0x00000d18       0xb0 ./Drivers/STM32G4xx_HAL_Driver/Src/stm32g4xx_hal_dma.o
 .debug_rnglists
                0x00000dc8       0x3f ./Drivers/STM32G4xx_HAL_Driver/Src/stm32g4xx_hal_gpio.o
 .debug_rnglists
                0x00000e07       0xf0 ./Drivers/STM32G4xx_HAL_Driver/Src/stm32g4xx_hal_pwr_ex.o
 .debug_rnglists
                0x00000ef7       0xab ./Drivers/STM32G4xx_HAL_Driver/Src/stm32g4xx_hal_rcc.o
 .debug_rnglists
                0x00000fa2       0xbc ./Drivers/STM32G4xx_HAL_Driver/Src/stm32g4xx_hal_rcc_ex.o
 .debug_rnglists
                0x0000105e      0x551 ./Drivers/STM32G4xx_HAL_Driver/Src/stm32g4xx_hal_tim.o
 .debug_rnglists
                0x000015af      0x232 ./Drivers/STM32G4xx_HAL_Driver/Src/stm32g4xx_hal_tim_ex.o
 .debug_rnglists
                0x000017e1      0x657 ./Drivers/STM32G4xx_HAL_Driver/Src/stm32g4xx_hal_uart.o
 .debug_rnglists
                0x00001e38       0xa8 ./Drivers/STM32G4xx_HAL_Driver/Src/stm32g4xx_hal_uart_ex.o

.debug_macro    0x00000000    0x206dd
 .debug_macro   0x00000000      0x224 ./Core/Src/fir.o
 .debug_macro   0x00000224      0xad8 ./Core/Src/fir.o
 .debug_macro   0x00000cfc      0x167 ./Core/Src/fir.o
 .debug_macro   0x00000e63       0x2e ./Core/Src/fir.o
 .debug_macro   0x00000e91       0x28 ./Core/Src/fir.o
 .debug_macro   0x00000eb9       0x22 ./Core/Src/fir.o
 .debug_macro   0x00000edb       0x8e ./Core/Src/fir.o
 .debug_macro   0x00000f69       0x51 ./Core/Src/fir.o
 .debug_macro   0x00000fba      0x103 ./Core/Src/fir.o
 .debug_macro   0x000010bd       0x6a ./Core/Src/fir.o
 .debug_macro   0x00001127      0x1df ./Core/Src/fir.o
 .debug_macro   0x00001306       0x1c ./Core/Src/fir.o
 .debug_macro   0x00001322       0x22 ./Core/Src/fir.o
 .debug_macro   0x00001344       0xfb ./Core/Src/fir.o
 .debug_macro   0x0000143f     0x1011 ./Core/Src/fir.o
 .debug_macro   0x00002450      0x11f ./Core/Src/fir.o
 .debug_macro   0x0000256f    0x11732 ./Core/Src/fir.o
 .debug_macro   0x00013ca1       0x6d ./Core/Src/fir.o
 .debug_macro   0x00013d0e     0x354d ./Core/Src/fir.o
 .debug_macro   0x0001725b      0x189 ./Core/Src/fir.o
 .debug_macro   0x000173e4       0x5c ./Core/Src/fir.o
 .debug_macro   0x00017440     0x1463 ./Core/Src/fir.o
 .debug_macro   0x000188a3      0x535 ./Core/Src/fir.o
 .debug_macro   0x00018dd8      0x1b6 ./Core/Src/fir.o
 .debug_macro   0x00018f8e      0x288 ./Core/Src/fir.o
 .debug_macro   0x00019216      0x41d ./Core/Src/fir.o
 .debug_macro   0x00019633      0x18b ./Core/Src/fir.o
 .debug_macro   0x000197be       0x43 ./Core/Src/fir.o
 .debug_macro   0x00019801      0x23d ./Core/Src/fir.o
 .debug_macro   0x00019a3e     0x1112 ./Core/Src/fir.o
 .debug_macro   0x0001ab50      0x72e ./Core/Src/fir.o
 .debug_macro   0x0001b27e      0x391 ./Core/Src/fir.o
 .debug_macro   0x0001b60f      0x209 ./Core/Src/fir.o
 .debug_macro   0x0001b818      0x108 ./Core/Src/fir.o
 .debug_macro   0x0001b920      0x211 ./Core/Src/fir.o
 .debug_macro   0x0001bb31      0x401 ./Core/Src/fir.o
 .debug_macro   0x0001bf32      0x107 ./Core/Src/fir.o
 .debug_macro   0x0001c039      0x122 ./Core/Src/fir.o
 .debug_macro   0x0001c15b      0x3d1 ./Core/Src/fir.o
 .debug_macro   0x0001c52c      0xbda ./Core/Src/fir.o
 .debug_macro   0x0001d106      0x47e ./Core/Src/fir.o
 .debug_macro   0x0001d584      0x693 ./Core/Src/fir.o
 .debug_macro   0x0001dc17       0xa6 ./Core/Src/fir.o
 .debug_macro   0x0001dcbd      0x306 ./Core/Src/fir.o
 .debug_macro   0x0001dfc3       0xd6 ./Core/Src/fir.o
 .debug_macro   0x0001e099      0x258 ./Core/Src/main.o
 .debug_macro   0x0001e2f1      0x214 ./Core/Src/stm32g4xx_hal_msp.o
 .debug_macro   0x0001e505      0x21e ./Core/Src/stm32g4xx_it.o
 .debug_macro   0x0001e723      0x205 ./Core/Src/system_stm32g4xx.o
 .debug_macro   0x0001e928      0x253 ./Drivers/STM32G4xx_HAL_Driver/Src/stm32g4xx_hal.o
 .debug_macro   0x0001eb7b      0x222 ./Drivers/STM32G4xx_HAL_Driver/Src/stm32g4xx_hal_adc.o
 .debug_macro   0x0001ed9d      0x211 ./Drivers/STM32G4xx_HAL_Driver/Src/stm32g4xx_hal_adc_ex.o
 .debug_macro   0x0001efae      0x205 ./Drivers/STM32G4xx_HAL_Driver/Src/stm32g4xx_hal_cortex.o
 .debug_macro   0x0001f1b3      0x21b ./Drivers/STM32G4xx_HAL_Driver/Src/stm32g4xx_hal_dac.o
 .debug_macro   0x0001f3ce      0x205 ./Drivers/STM32G4xx_HAL_Driver/Src/stm32g4xx_hal_dma.o
 .debug_macro   0x0001f5d3      0x20c ./Drivers/STM32G4xx_HAL_Driver/Src/stm32g4xx_hal_gpio.o
 .debug_macro   0x0001f7df      0x22f ./Drivers/STM32G4xx_HAL_Driver/Src/stm32g4xx_hal_pwr_ex.o
 .debug_macro   0x0001fa0e      0x247 ./Drivers/STM32G4xx_HAL_Driver/Src/stm32g4xx_hal_rcc.o
 .debug_macro   0x0001fc55      0x22f ./Drivers/STM32G4xx_HAL_Driver/Src/stm32g4xx_hal_rcc_ex.o
 .debug_macro   0x0001fe84      0x20d ./Drivers/STM32G4xx_HAL_Driver/Src/stm32g4xx_hal_tim.o
 .debug_macro   0x00020091      0x20b ./Drivers/STM32G4xx_HAL_Driver/Src/stm32g4xx_hal_tim_ex.o
 .debug_macro   0x0002029c      0x230 ./Drivers/STM32G4xx_HAL_Driver/Src/stm32g4xx_hal_uart.o
 .debug_macro   0x000204cc      0x211 ./Drivers/STM32G4xx_HAL_Driver/Src/stm32g4xx_hal_uart_ex.o

.debug_line     0x00000000    0x23750
 .debug_line    0x00000000      0x8bb ./Core/Src/fir.o
 .debug_line    0x000008bb     0x20d7 ./Core/Src/main.o
 .debug_line    0x00002992      0xb2a ./Core/Src/stm32g4xx_hal_msp.o
 .debug_line    0x000034bc      0x93c ./Core/Src/stm32g4xx_it.o
 .debug_line    0x00003df8      0x886 ./Core/Src/system_stm32g4xx.o
 .debug_line    0x0000467e       0x7b ./Core/Startup/startup_stm32g441kbtx.o
 .debug_line    0x000046f9      0xcfd ./Drivers/STM32G4xx_HAL_Driver/Src/stm32g4xx_hal.o
 .debug_line    0x000053f6     0x2e88 ./Drivers/STM32G4xx_HAL_Driver/Src/stm32g4xx_hal_adc.o
 .debug_line    0x0000827e     0x2849 ./Drivers/STM32G4xx_HAL_Driver/Src/stm32g4xx_hal_adc_ex.o
 .debug_line    0x0000aac7      0xdf5 ./Drivers/STM32G4xx_HAL_Driver/Src/stm32g4xx_hal_cortex.o
 .debug_line    0x0000b8bc     0x119d ./Drivers/STM32G4xx_HAL_Driver/Src/stm32g4xx_hal_dac.o
 .debug_line    0x0000ca59     0x1400 ./Drivers/STM32G4xx_HAL_Driver/Src/stm32g4xx_hal_dma.o
 .debug_line    0x0000de59      0xdaa ./Drivers/STM32G4xx_HAL_Driver/Src/stm32g4xx_hal_gpio.o
 .debug_line    0x0000ec03      0xf3a ./Drivers/STM32G4xx_HAL_Driver/Src/stm32g4xx_hal_pwr_ex.o
 .debug_line    0x0000fb3d     0x1472 ./Drivers/STM32G4xx_HAL_Driver/Src/stm32g4xx_hal_rcc.o
 .debug_line    0x00010faf     0x155b ./Drivers/STM32G4xx_HAL_Driver/Src/stm32g4xx_hal_rcc_ex.o
 .debug_line    0x0001250a     0x667e ./Drivers/STM32G4xx_HAL_Driver/Src/stm32g4xx_hal_tim.o
 .debug_line    0x00018b88     0x2893 ./Drivers/STM32G4xx_HAL_Driver/Src/stm32g4xx_hal_tim_ex.o
 .debug_line    0x0001b41b     0x6e87 ./Drivers/STM32G4xx_HAL_Driver/Src/stm32g4xx_hal_uart.o
 .debug_line    0x000222a2     0x14ae ./Drivers/STM32G4xx_HAL_Driver/Src/stm32g4xx_hal_uart_ex.o

.debug_str      0x00000000    0xdbd28
 .debug_str     0x00000000    0xd4cc9 ./Core/Src/fir.o
                              0xd51f9 (size before relaxing)
 .debug_str     0x000d4cc9     0x1a4a ./Core/Src/main.o
                              0xd6e27 (size before relaxing)
 .debug_str     0x000d6713      0x29f ./Core/Src/stm32g4xx_hal_msp.o
                              0xd6738 (size before relaxing)
 .debug_str     0x000d69b2      0x173 ./Core/Src/stm32g4xx_it.o
                              0xd5e8f (size before relaxing)
 .debug_str     0x000d6b25       0xdb ./Core/Src/system_stm32g4xx.o
                              0xd50ac (size before relaxing)
 .debug_str     0x000d6c00       0x44 ./Core/Startup/startup_stm32g441kbtx.o
                                 0x8a (size before relaxing)
 .debug_str     0x000d6c44      0x5cf ./Drivers/STM32G4xx_HAL_Driver/Src/stm32g4xx_hal.o
                              0xd5bf4 (size before relaxing)
 .debug_str     0x000d7213      0xab6 ./Drivers/STM32G4xx_HAL_Driver/Src/stm32g4xx_hal_adc.o
                              0xd60d9 (size before relaxing)
 .debug_str     0x000d7cc9      0x691 ./Drivers/STM32G4xx_HAL_Driver/Src/stm32g4xx_hal_adc_ex.o
                              0xd607f (size before relaxing)
 .debug_str     0x000d835a      0x313 ./Drivers/STM32G4xx_HAL_Driver/Src/stm32g4xx_hal_cortex.o
                              0xd5878 (size before relaxing)
 .debug_str     0x000d866d      0x29b ./Drivers/STM32G4xx_HAL_Driver/Src/stm32g4xx_hal_dac.o
                              0xd5781 (size before relaxing)
 .debug_str     0x000d8908      0x280 ./Drivers/STM32G4xx_HAL_Driver/Src/stm32g4xx_hal_dma.o
                              0xd5486 (size before relaxing)
 .debug_str     0x000d8b88       0xcb ./Drivers/STM32G4xx_HAL_Driver/Src/stm32g4xx_hal_gpio.o
                              0xd5237 (size before relaxing)
 .debug_str     0x000d8c53      0x4b1 ./Drivers/STM32G4xx_HAL_Driver/Src/stm32g4xx_hal_pwr_ex.o
                              0xd559a (size before relaxing)
 .debug_str     0x000d9104      0x4cc ./Drivers/STM32G4xx_HAL_Driver/Src/stm32g4xx_hal_rcc.o
                              0xd57a5 (size before relaxing)
 .debug_str     0x000d95d0      0x40b ./Drivers/STM32G4xx_HAL_Driver/Src/stm32g4xx_hal_rcc_ex.o
                              0xd57a6 (size before relaxing)
 .debug_str     0x000d99db      0xeb1 ./Drivers/STM32G4xx_HAL_Driver/Src/stm32g4xx_hal_tim.o
                              0xd65aa (size before relaxing)
 .debug_str     0x000da88c      0x8f7 ./Drivers/STM32G4xx_HAL_Driver/Src/stm32g4xx_hal_tim_ex.o
                              0xd621e (size before relaxing)
 .debug_str     0x000db183      0x941 ./Drivers/STM32G4xx_HAL_Driver/Src/stm32g4xx_hal_uart.o
                              0xd6078 (size before relaxing)
 .debug_str     0x000dbac4      0x264 ./Drivers/STM32G4xx_HAL_Driver/Src/stm32g4xx_hal_uart_ex.o
                              0xd5865 (size before relaxing)

.comment        0x00000000       0x43
 .comment       0x00000000       0x43 ./Core/Src/fir.o
                                 0x44 (size before relaxing)
 .comment       0x00000043       0x44 ./Core/Src/main.o
 .comment       0x00000043       0x44 ./Core/Src/stm32g4xx_hal_msp.o
 .comment       0x00000043       0x44 ./Core/Src/stm32g4xx_it.o
 .comment       0x00000043       0x44 ./Core/Src/system_stm32g4xx.o
 .comment       0x00000043       0x44 ./Drivers/STM32G4xx_HAL_Driver/Src/stm32g4xx_hal.o
 .comment       0x00000043       0x44 ./Drivers/STM32G4xx_HAL_Driver/Src/stm32g4xx_hal_adc.o
 .comment       0x00000043       0x44 ./Drivers/STM32G4xx_HAL_Driver/Src/stm32g4xx_hal_adc_ex.o
 .comment       0x00000043       0x44 ./Drivers/STM32G4xx_HAL_Driver/Src/stm32g4xx_hal_cortex.o
 .comment       0x00000043       0x44 ./Drivers/STM32G4xx_HAL_Driver/Src/stm32g4xx_hal_dac.o
 .comment       0x00000043       0x44 ./Drivers/STM32G4xx_HAL_Driver/Src/stm32g4xx_hal_dma.o
 .comment       0x00000043       0x44 ./Drivers/STM32G4xx_HAL_Driver/Src/stm32g4xx_hal_gpio.o
 .comment       0x00000043       0x44 ./Drivers/STM32G4xx_HAL_Driver/Src/stm32g4xx_hal_pwr_ex.o
 .comment       0x00000043       0x44 ./Drivers/STM32G4xx_HAL_Driver/Src/stm32g4xx_hal_rcc.o
 .comment       0x00000043       0x44 ./Drivers/STM32G4xx_HAL_Driver/Src/stm32g4xx_hal_rcc_ex.o
 .comment       0x00000043       0x44 ./Drivers/STM32G4xx_HAL_Driver/Src/stm32g4xx_hal_tim.o
 .comment       0x00000043       0x44 ./Drivers/STM32G4xx_HAL_Driver/Src/stm32g4xx_hal_tim_ex.o
 .comment       0x00000043       0x44 ./Drivers/STM32G4xx_HAL_Driver/Src/stm32g4xx_hal_uart.o
 .comment       0x00000043       0x44 ./Drivers/STM32G4xx_HAL_Driver/Src/stm32g4xx_hal_uart_ex.o

.debug_frame    0x00000000     0x33bc
 .debug_frame   0x00000000       0x58 ./Core/Src/fir.o
 .debug_frame   0x00000058      0x19c ./Core/Src/main.o
 .debug_frame   0x000001f4      0x130 ./Core/Src/stm32g4xx_hal_msp.o
 .debug_frame   0x00000324       0xf0 ./Core/Src/stm32g4xx_it.o
 .debug_frame   0x00000414       0x30 ./Core/Src/system_stm32g4xx.o
 .debug_frame   0x00000444      0x2b0 ./Drivers/STM32G4xx_HAL_Driver/Src/stm32g4xx_hal.o
 .debug_frame   0x000006f4      0x330 ./Drivers/STM32G4xx_HAL_Driver/Src/stm32g4xx_hal_adc.o
 .debug_frame   0x00000a24      0x314 ./Drivers/STM32G4xx_HAL_Driver/Src/stm32g4xx_hal_adc_ex.o
 .debug_frame   0x00000d38      0x164 ./Drivers/STM32G4xx_HAL_Driver/Src/stm32g4xx_hal_cortex.o
 .debug_frame   0x00000e9c      0x23c ./Drivers/STM32G4xx_HAL_Driver/Src/stm32g4xx_hal_dac.o
 .debug_frame   0x000010d8      0x190 ./Drivers/STM32G4xx_HAL_Driver/Src/stm32g4xx_hal_dma.o
 .debug_frame   0x00001268       0xe4 ./Drivers/STM32G4xx_HAL_Driver/Src/stm32g4xx_hal_gpio.o
 .debug_frame   0x0000134c      0x268 ./Drivers/STM32G4xx_HAL_Driver/Src/stm32g4xx_hal_pwr_ex.o
 .debug_frame   0x000015b4      0x1a4 ./Drivers/STM32G4xx_HAL_Driver/Src/stm32g4xx_hal_rcc.o
 .debug_frame   0x00001758      0x1c4 ./Drivers/STM32G4xx_HAL_Driver/Src/stm32g4xx_hal_rcc_ex.o
 .debug_frame   0x0000191c      0xb28 ./Drivers/STM32G4xx_HAL_Driver/Src/stm32g4xx_hal_tim.o
 .debug_frame   0x00002444      0x648 ./Drivers/STM32G4xx_HAL_Driver/Src/stm32g4xx_hal_tim_ex.o
 .debug_frame   0x00002a8c      0x6c8 ./Drivers/STM32G4xx_HAL_Driver/Src/stm32g4xx_hal_uart.o
 .debug_frame   0x00003154      0x1bc ./Drivers/STM32G4xx_HAL_Driver/Src/stm32g4xx_hal_uart_ex.o
 .debug_frame   0x00003310       0x20 C:/ST/STM32CubeIDE_1.17.0/STM32CubeIDE/plugins/com.st.stm32cube.ide.mcu.externaltools.gnu-tools-for-stm32.12.3.rel1.win32_1.1.0.202410251130/tools/bin/../lib/gcc/arm-none-eabi/12.3.1/../../../../arm-none-eabi/lib/thumb/v7e-m+fp/hard\libc_nano.a(libc_a-memset.o)
 .debug_frame   0x00003330       0x2c C:/ST/STM32CubeIDE_1.17.0/STM32CubeIDE/plugins/com.st.stm32cube.ide.mcu.externaltools.gnu-tools-for-stm32.12.3.rel1.win32_1.1.0.202410251130/tools/bin/../lib/gcc/arm-none-eabi/12.3.1/../../../../arm-none-eabi/lib/thumb/v7e-m+fp/hard\libc_nano.a(libc_a-init.o)
 .debug_frame   0x0000335c       0x2c C:/ST/STM32CubeIDE_1.17.0/STM32CubeIDE/plugins/com.st.stm32cube.ide.mcu.externaltools.gnu-tools-for-stm32.12.3.rel1.win32_1.1.0.202410251130/tools/bin/../lib/gcc/arm-none-eabi/12.3.1/thumb/v7e-m+fp/hard\libgcc.a(_aeabi_uldivmod.o)
 .debug_frame   0x00003388       0x34 C:/ST/STM32CubeIDE_1.17.0/STM32CubeIDE/plugins/com.st.stm32cube.ide.mcu.externaltools.gnu-tools-for-stm32.12.3.rel1.win32_1.1.0.202410251130/tools/bin/../lib/gcc/arm-none-eabi/12.3.1/thumb/v7e-m+fp/hard\libgcc.a(_udivmoddi4.o)

.debug_line_str
                0x00000000       0x6e
 .debug_line_str
                0x00000000       0x6e ./Core/Startup/startup_stm32g441kbtx.o
