../Core/Src/main.c:260:9:printNumToBuff.constprop	64	static
../Core/Src/main.c:123:6:sincReset	12	static
../Core/Src/main.c:137:6:HAL_UART_RxCpltCallback	24	static
../Core/Src/main.c:172:6:EXTI3_IRQHandler	48	static
../Core/Src/main.c:255:6:HAL_UART_TxCpltCallback	0	static
../Core/Src/main.c:260:9:printNumToBuff	56	static
../Core/Src/main.c:294:6:HAL_ADC_ConvCpltCallback	8	static
../Core/Src/main.c:303:6:myDelayUs	0	static
../Core/Src/main.c:309:6:writeGPIO	0	static
../Core/Src/main.c:325:6:writeDACcode	8	static
../Core/Src/main.c:336:6:adcTracking	16	static
../Core/Src/main.c:358:6:HAL_TIM_PeriodElapsedCallback	8	static
../Core/Src/main.c:495:6:SystemClock_Config	88	static,ignoring_inline_asm
../Core/Src/main.c:388:5:main	120	static,ignoring_inline_asm
../Core/Src/main.c:914:6:Error_Handler	0	static,ignoring_inline_asm
