../Core/Src/main.c:119:6:HAL_UART_RxCpltCallback	16	static
../Core/Src/main.c:153:6:EXTI3_IRQHandler	16	static
../Core/Src/main.c:243:6:HAL_UART_TxCpltCallback	16	static
../Core/Src/main.c:248:9:printNumToBuff	72	static
../Core/Src/main.c:282:6:HAL_ADC_ConvCpltCallback	16	static
../Core/Src/main.c:291:6:myDelayUs	16	static
../Core/Src/main.c:297:6:writeGPIO	16	static
../Core/Src/main.c:313:6:writeDACcode	16	static
../Core/Src/main.c:324:6:adcTracking	8	static
../Core/Src/main.c:346:6:HAL_TIM_PeriodElapsedCallback	16	static
../Core/Src/main.c:376:5:main	24	static
../Core/Src/main.c:479:6:SystemClock_Config	88	static
../Core/Src/main.c:525:13:MX_ADC1_Init	56	static
../Core/Src/main.c:593:13:MX_DAC1_Init	56	static
../Core/Src/main.c:640:13:MX_TIM2_Init	40	static
../Core/Src/main.c:685:13:MX_TIM3_Init	40	static
../Core/Src/main.c:730:13:MX_TIM4_Init	40	static
../Core/Src/main.c:775:13:MX_USART1_UART_Init	8	static
../Core/Src/main.c:821:13:MX_DMA_Init	16	static
../Core/Src/main.c:840:13:MX_GPIO_Init	40	static
../Core/Src/main.c:898:6:Error_Handler	4	static,ignoring_inline_asm
