../Core/Src/main.c:248:9:printNumToBuff.constprop	64	static
../Core/Src/main.c:119:6:HAL_UART_RxCpltCallback	8	static
../Core/Src/main.c:153:6:EXTI3_IRQHandler	24	static
../Core/Src/main.c:243:6:HAL_UART_TxCpltCallback	0	static
../Core/Src/main.c:248:9:printNumToBuff	56	static
../Core/Src/main.c:282:6:HAL_ADC_ConvCpltCallback	8	static
../Core/Src/main.c:291:6:myDelayUs	0	static
../Core/Src/main.c:297:6:writeGPIO	0	static
../Core/Src/main.c:313:6:writeDACcode	8	static
../Core/Src/main.c:324:6:adcTracking	16	static
../Core/Src/main.c:346:6:HAL_TIM_PeriodElapsedCallback	8	static
../Core/Src/main.c:479:6:SystemClock_Config	88	static,ignoring_inline_asm
../Core/Src/main.c:376:5:main	120	static,ignoring_inline_asm
../Core/Src/main.c:898:6:Error_Handler	0	static,ignoring_inline_asm
