../Core/Src/stm32g4xx_hal_msp.c:64:6:HAL_MspInit	8	static
../Core/Src/stm32g4xx_hal_msp.c:86:6:HAL_ADC_MspInit	104	static
../Core/Src/stm32g4xx_hal_msp.c:133:6:HAL_ADC_MspDeInit	8	static
../Core/Src/stm32g4xx_hal_msp.c:163:6:HAL_DAC_MspInit	40	static
../Core/Src/stm32g4xx_hal_msp.c:196:6:HAL_DAC_MspDeInit	0	static
../Core/Src/stm32g4xx_hal_msp.c:224:6:HAL_TIM_Base_MspInit	24	static
../Core/Src/stm32g4xx_hal_msp.c:274:6:HAL_TIM_Base_MspDeInit	0	static
../Core/Src/stm32g4xx_hal_msp.c:324:6:HAL_UART_MspInit	112	static
../Core/Src/stm32g4xx_hal_msp.c:392:6:HAL_UART_MspDeInit	8	static
